Release 14.7 - xst P.20131013 (nt64)
Copyright (c) 1995-2013 Xilinx, Inc.  All rights reserved.
--> Parameter TMPDIR set to xst/projnav.tmp


Total REAL time to Xst completion: 0.00 secs
Total CPU time to Xst completion: 0.22 secs
 
--> Parameter xsthdpdir set to xst


Total REAL time to Xst completion: 0.00 secs
Total CPU time to Xst completion: 0.22 secs
 
--> Reading design: Top.prj

TABLE OF CONTENTS
  1) Synthesis Options Summary
  2) HDL Parsing
  3) HDL Elaboration
  4) HDL Synthesis
       4.1) HDL Synthesis Report
  5) Advanced HDL Synthesis
       5.1) Advanced HDL Synthesis Report
  6) Low Level Synthesis
  7) Partition Report
  8) Design Summary
       8.1) Primitive and Black Box Usage
       8.2) Device utilization summary
       8.3) Partition Resource Summary
       8.4) Timing Report
            8.4.1) Clock Information
            8.4.2) Asynchronous Control Signals Information
            8.4.3) Timing Summary
            8.4.4) Timing Details
            8.4.5) Cross Clock Domains Report


=========================================================================
*                      Synthesis Options Summary                        *
=========================================================================
---- Source Parameters
Input File Name                    : "Top.prj"
Ignore Synthesis Constraint File   : NO

---- Target Parameters
Output File Name                   : "Top"
Output Format                      : NGC
Target Device                      : xc7k160t-2L-ffg676

---- Source Options
Top Module Name                    : Top
Automatic FSM Extraction           : YES
FSM Encoding Algorithm             : Auto
Safe Implementation                : No
FSM Style                          : LUT
RAM Extraction                     : Yes
RAM Style                          : Auto
ROM Extraction                     : Yes
Shift Register Extraction          : YES
ROM Style                          : Auto
Resource Sharing                   : YES
Asynchronous To Synchronous        : NO
Shift Register Minimum Size        : 2
Use DSP Block                      : Auto
Automatic Register Balancing       : No

---- Target Options
LUT Combining                      : Auto
Reduce Control Sets                : Auto
Add IO Buffers                     : YES
Global Maximum Fanout              : 100000
Add Generic Clock Buffer(BUFG)     : 32
Register Duplication               : YES
Optimize Instantiated Primitives   : NO
Use Clock Enable                   : Auto
Use Synchronous Set                : Auto
Use Synchronous Reset              : Auto
Pack IO Registers into IOBs        : Auto
Equivalent register Removal        : YES

---- General Options
Optimization Goal                  : Speed
Optimization Effort                : 1
Power Reduction                    : NO
Keep Hierarchy                     : No
Netlist Hierarchy                  : As_Optimized
RTL Output                         : Yes
Global Optimization                : AllClockNets
Read Cores                         : YES
Write Timing Constraints           : NO
Cross Clock Analysis               : NO
Hierarchy Separator                : /
Bus Delimiter                      : <>
Case Specifier                     : Maintain
Slice Utilization Ratio            : 100
BRAM Utilization Ratio             : 100
DSP48 Utilization Ratio            : 100
Auto BRAM Packing                  : NO
Slice Utilization Ratio Delta      : 5

=========================================================================


=========================================================================
*                          HDL Parsing                                  *
=========================================================================
Analyzing Verilog file "D:\zxd_CS\LCDF\Top\MUX4T1_4.vf" into library work
Parsing module <MUX4T1_4>.
Analyzing Verilog file "D:\zxd_CS\LCDF\Top\MUX8T1_8.vf" into library work
Parsing module <MUX4T1_4_MUSER_MUX8T1_8>.
Parsing module <MUX8T1_8>.
Analyzing Verilog file "D:\zxd_CS\LCDF\Top\Code\CLA.v" into library work
Parsing module <CLA>.
Analyzing Verilog file "D:\zxd_CS\LCDF\Top\Code\add.v" into library work
Parsing module <add>.
Analyzing Verilog file "D:\zxd_CS\LCDF\Top\MUX8T1_32.vf" into library work
Parsing module <MUX4T1_4_MUSER_MUX8T1_32>.
Parsing module <MUX8T1_8_MUSER_MUX8T1_32>.
Parsing module <MUX8T1_32>.
Analyzing Verilog file "D:\zxd_CS\LCDF\Top\MUX2T1_8.vf" into library work
Parsing module <MUX2T1_8>.
Analyzing Verilog file "D:\zxd_CS\LCDF\Top\Code\MC14495_ZJU.v" into library work
Parsing module <MC14495_ZJU>.
Analyzing Verilog file "D:\zxd_CS\LCDF\Top\MB_DFF.vf" into library work
Parsing module <MB_DFF>.
Analyzing Verilog file "D:\zxd_CS\LCDF\Top\Decoder_38_sch.vf" into library work
Parsing module <Decoder_38_sch>.
Analyzing Verilog file "D:\zxd_CS\LCDF\Top\add4b.vf" into library work
Parsing module <add4b>.
Analyzing Verilog file "D:\zxd_CS\LCDF\Top\Code\SSeg_map.v" into library work
Parsing module <SSeg_map>.
Analyzing Verilog file "D:\zxd_CS\LCDF\Top\Code\Reg_32.v" into library work
Parsing module <Reg_32>.
Analyzing Verilog file "D:\zxd_CS\LCDF\Top\Code\P2S_IO.v" into library work
Parsing module <P2S>.
Analyzing Verilog file "D:\zxd_CS\LCDF\Top\MUX2T1_64.vf" into library work
Parsing module <MUX2T1_8_MUSER_MUX2T1_64>.
Parsing module <MUX2T1_64>.
Analyzing Verilog file "D:\zxd_CS\LCDF\Top\Code\Multi_8CH32_IO.v" into library work
Parsing module <Multi_8CH32>.
Analyzing Verilog file "D:\zxd_CS\LCDF\Top\Code\LED_P2S_IO.v" into library work
Parsing module <LED_P2S>.
Analyzing Verilog file "D:\zxd_CS\LCDF\Top\HTC138_sch.vf" into library work
Parsing module <Decoder_38_sch_MUSER_HTC138_sch>.
Parsing module <HTC138_sch>.
Analyzing Verilog file "D:\zxd_CS\LCDF\Top\Code\HexTo8SEG.v" into library work
Parsing module <HexTo8SEG>.
Parsing module <Hex2Seg>.
Analyzing Verilog file "D:\zxd_CS\LCDF\Top\Code\DM74LS194.v" into library work
Parsing module <DM74LS164>.
Analyzing Verilog file "D:\zxd_CS\LCDF\Top\ADC32.vf" into library work
Parsing module <add4b_MUSER_ADC32>.
Parsing module <ADC32>.
Analyzing Verilog file "D:\zxd_CS\LCDF\Top\shift_32.v" into library work
Parsing module <shift_32>.
Analyzing Verilog file "D:\zxd_CS\LCDF\Top\Code\SEnter_2_32_IO.v" into library work
Parsing module <SEnter_2_32>.
Analyzing Verilog file "D:\zxd_CS\LCDF\Top\Code\SAnti_jitter_IO.v" into library work
Parsing module <SAnti_jitter>.
Analyzing Verilog file "D:\zxd_CS\LCDF\Top\Code\Regs_8_32.v" into library work
Parsing module <Regs_8_32>.
Analyzing Verilog file "D:\zxd_CS\LCDF\Top\Code\MUX2T1_32.v" into library work
Parsing module <MUX2T1_32>.
Analyzing Verilog file "D:\zxd_CS\LCDF\Top\Code\GPIO.v" into library work
Parsing module <GPIO>.
Analyzing Verilog file "D:\zxd_CS\LCDF\Top\Display.vf" into library work
Parsing module <MUX2T1_8_MUSER_Display>.
Parsing module <MUX2T1_64_MUSER_Display>.
Parsing module <Display>.
Analyzing Verilog file "D:\zxd_CS\LCDF\Top\Counter_4bit.vf" into library work
Parsing module <Counter_4bit>.
Analyzing Verilog file "D:\zxd_CS\LCDF\Top\Code\counter_32bit_rev.v" into library work
Parsing module <counter_32bit_rev>.
Analyzing Verilog file "D:\zxd_CS\LCDF\Top\MUX441.vf" into library work
Parsing module <MUX441>.
Analyzing Verilog file "D:\zxd_CS\LCDF\Top\Code\clkdiv.v" into library work
Parsing module <clkdiv>.
Analyzing Verilog file "D:\zxd_CS\LCDF\Top\Code\ALU.v" into library work
Parsing module <ALU>.
Analyzing Verilog file "D:\zxd_CS\LCDF\Top\Top.vf" into library work
Parsing module <Counter_4bit_MUSER_Top>.
Parsing module <MUX2T1_8_MUSER_Top>.
Parsing module <MUX2T1_64_MUSER_Top>.
Parsing module <Display_MUSER_Top>.
Parsing module <Top>.

=========================================================================
*                            HDL Elaboration                            *
=========================================================================

Elaborating module <Top>.

Elaborating module <clkdiv>.

Elaborating module <SAnti_jitter>.
WARNING:HDLCompiler:1499 - "D:\zxd_CS\LCDF\Top\Code\SAnti_jitter_IO.v" Line 21: Empty module <SAnti_jitter> remains a black box.
WARNING:HDLCompiler:1127 - "D:\zxd_CS\LCDF\Top\Top.vf" Line 384: Assignment to Pulse ignored, since the identifier is never used

Elaborating module <Display_MUSER_Top>.

Elaborating module <P2S>.
WARNING:HDLCompiler:1499 - "D:\zxd_CS\LCDF\Top\Code\P2S_IO.v" Line 21: Empty module <P2S> remains a black box.

Elaborating module <HexTo8SEG>.

Elaborating module <Hex2Seg>.

Elaborating module <MC14495_ZJU>.

Elaborating module <AND4>.

Elaborating module <AND3>.

Elaborating module <AND2>.

Elaborating module <INV>.

Elaborating module <OR4>.

Elaborating module <OR3>.

Elaborating module <OR2>.

Elaborating module <MUX2T1_64_MUSER_Top>.

Elaborating module <MUX2T1_8_MUSER_Top>.

Elaborating module <SSeg_map>.

Elaborating module <SEnter_2_32>.
WARNING:HDLCompiler:1499 - "D:\zxd_CS\LCDF\Top\Code\SEnter_2_32_IO.v" Line 21: Empty module <SEnter_2_32> remains a black box.

Elaborating module <Multi_8CH32>.

Elaborating module <MUX8T1_32>.

Elaborating module <MUX8T1_8_MUSER_MUX8T1_32>.

Elaborating module <MUX4T1_4_MUSER_MUX8T1_32>.

Elaborating module <MUX8T1_8>.

Elaborating module <MUX4T1_4_MUSER_MUX8T1_8>.

Elaborating module <GPIO>.

Elaborating module <LED_P2S(DATA_BITS=16,DATA_COUNT_BITS=4)>.
WARNING:HDLCompiler:1499 - "D:\zxd_CS\LCDF\Top\Code\LED_P2S_IO.v" Line 21: Empty module <LED_P2S(DATA_BITS=16,DATA_COUNT_BITS=4)> remains a black box.
WARNING:HDLCompiler:1016 - "D:\zxd_CS\LCDF\Top\Code\ALU.v" Line 44: Port clk is not connected to this instance

Elaborating module <ALU>.

Elaborating module <ADC32>.

Elaborating module <add4b_MUSER_ADC32>.

Elaborating module <add>.

Elaborating module <CLA>.
WARNING:HDLCompiler:552 - "D:\zxd_CS\LCDF\Top\Code\ALU.v" Line 44: Input port clk is not connected on this instance
WARNING:HDLCompiler:1127 - "D:\zxd_CS\LCDF\Top\Top.vf" Line 444: Assignment to zero ignored, since the identifier is never used

Elaborating module <Counter_4bit_MUSER_Top>.

Elaborating module <NOR4>.

Elaborating module <NOR3>.

Elaborating module <NOR2>.

Elaborating module <FD(INIT=1'b0)>.

Elaborating module <XNOR2>.

Elaborating module <counter_32bit_rev>.

Elaborating module <Regs_8_32>.

Elaborating module <Reg_32>.

Elaborating module <HTC138_sch>.

Elaborating module <Decoder_38_sch_MUSER_HTC138_sch>.

Elaborating module <NAND2>.

Elaborating module <MUX2T1_32>.

Elaborating module <shift_32>.

Elaborating module <DM74LS164>.

Elaborating module <MB_DFF>.

Elaborating module <NAND3>.

Elaborating module <VCC>.

Elaborating module <GND>.

Elaborating module <BUF>.

=========================================================================
*                           HDL Synthesis                               *
=========================================================================

Synthesizing Unit <Top>.
    Related source file is "D:\zxd_CS\LCDF\Top\Top.vf".
INFO:Xst:3210 - "D:\zxd_CS\LCDF\Top\Top.vf" line 374: Output port <pulse_out> of the instance <M2> is unconnected or connected to loadless signal.
INFO:Xst:3210 - "D:\zxd_CS\LCDF\Top\Top.vf" line 428: Output port <GPIOf0> of the instance <M6> is unconnected or connected to loadless signal.
INFO:Xst:3210 - "D:\zxd_CS\LCDF\Top\Top.vf" line 438: Output port <zero> of the instance <M8> is unconnected or connected to loadless signal.
INFO:Xst:3210 - "D:\zxd_CS\LCDF\Top\Top.vf" line 438: Output port <overflow> of the instance <M8> is unconnected or connected to loadless signal.
    Summary:
	no macro.
Unit <Top> synthesized.

Synthesizing Unit <clkdiv>.
    Related source file is "D:\zxd_CS\LCDF\Top\Code\clkdiv.v".
    Found 32-bit register for signal <clkdiv>.
    Found 32-bit adder for signal <clkdiv[31]_GND_2_o_add_0_OUT> created at line 29.
    Summary:
	inferred   1 Adder/Subtractor(s).
	inferred  32 D-type flip-flop(s).
Unit <clkdiv> synthesized.

Synthesizing Unit <Display_MUSER_Top>.
    Related source file is "D:\zxd_CS\LCDF\Top\Top.vf".
    Summary:
	no macro.
Unit <Display_MUSER_Top> synthesized.

Synthesizing Unit <HexTo8SEG>.
    Related source file is "D:\zxd_CS\LCDF\Top\Code\HexTo8SEG.v".
    Summary:
	no macro.
Unit <HexTo8SEG> synthesized.

Synthesizing Unit <Hex2Seg>.
    Related source file is "D:\zxd_CS\LCDF\Top\Code\HexTo8SEG.v".
    Summary:
	no macro.
Unit <Hex2Seg> synthesized.

Synthesizing Unit <MC14495_ZJU>.
    Related source file is "D:\zxd_CS\LCDF\Top\Code\MC14495_ZJU.v".
    Summary:
	no macro.
Unit <MC14495_ZJU> synthesized.

Synthesizing Unit <MUX2T1_64_MUSER_Top>.
    Related source file is "D:\zxd_CS\LCDF\Top\Top.vf".
    Summary:
	no macro.
Unit <MUX2T1_64_MUSER_Top> synthesized.

Synthesizing Unit <MUX2T1_8_MUSER_Top>.
    Related source file is "D:\zxd_CS\LCDF\Top\Top.vf".
    Summary:
	no macro.
Unit <MUX2T1_8_MUSER_Top> synthesized.

Synthesizing Unit <SSeg_map>.
    Related source file is "D:\zxd_CS\LCDF\Top\Code\SSeg_map.v".
    Summary:
	no macro.
Unit <SSeg_map> synthesized.

Synthesizing Unit <Multi_8CH32>.
    Related source file is "D:\zxd_CS\LCDF\Top\Code\Multi_8CH32_IO.v".
WARNING:Xst:647 - Input <rst> is never used. This port will be preserved and left unconnected if it belongs to a top-level block or it belongs to a sub-block and the hierarchy of this sub-block is preserved.
    Found 8-bit register for signal <cpu_blink>.
    Found 8-bit register for signal <cpu_point>.
    Found 32-bit register for signal <disp_data>.
    Summary:
	inferred  48 D-type flip-flop(s).
Unit <Multi_8CH32> synthesized.

Synthesizing Unit <MUX8T1_32>.
    Related source file is "D:\zxd_CS\LCDF\Top\MUX8T1_32.vf".
    Summary:
	no macro.
Unit <MUX8T1_32> synthesized.

Synthesizing Unit <MUX8T1_8_MUSER_MUX8T1_32>.
    Related source file is "D:\zxd_CS\LCDF\Top\MUX8T1_32.vf".
    Summary:
	no macro.
Unit <MUX8T1_8_MUSER_MUX8T1_32> synthesized.

Synthesizing Unit <MUX4T1_4_MUSER_MUX8T1_32>.
    Related source file is "D:\zxd_CS\LCDF\Top\MUX8T1_32.vf".
    Summary:
	no macro.
Unit <MUX4T1_4_MUSER_MUX8T1_32> synthesized.

Synthesizing Unit <MUX8T1_8>.
    Related source file is "D:\zxd_CS\LCDF\Top\MUX8T1_8.vf".
    Summary:
	no macro.
Unit <MUX8T1_8> synthesized.

Synthesizing Unit <MUX4T1_4_MUSER_MUX8T1_8>.
    Related source file is "D:\zxd_CS\LCDF\Top\MUX8T1_8.vf".
    Summary:
	no macro.
Unit <MUX4T1_4_MUSER_MUX8T1_8> synthesized.

Synthesizing Unit <GPIO>.
    Related source file is "D:\zxd_CS\LCDF\Top\Code\GPIO.v".
    Found 32-bit register for signal <GPIOf0>.
    Summary:
	inferred  32 D-type flip-flop(s).
Unit <GPIO> synthesized.

Synthesizing Unit <ALU>.
    Related source file is "D:\zxd_CS\LCDF\Top\Code\ALU.v".
WARNING:Xst:2898 - Port 'point_in', unconnected in block instance 'MUX1', is tied to GND.
WARNING:Xst:2898 - Port 'LES', unconnected in block instance 'MUX1', is tied to GND.
WARNING:Xst:2898 - Port 'clk', unconnected in block instance 'MUX1', is tied to GND.
WARNING:Xst:2898 - Port 'rst', unconnected in block instance 'MUX1', is tied to GND.
WARNING:Xst:2898 - Port 'EN', unconnected in block instance 'MUX1', is tied to GND.
INFO:Xst:3210 - "D:\zxd_CS\LCDF\Top\Code\ALU.v" line 44: Output port <LE_out> of the instance <MUX1> is unconnected or connected to loadless signal.
INFO:Xst:3210 - "D:\zxd_CS\LCDF\Top\Code\ALU.v" line 44: Output port <point_out> of the instance <MUX1> is unconnected or connected to loadless signal.
WARNING:Xst:653 - Signal <zero> is used but never assigned. This sourceless signal will be automatically connected to value GND.
WARNING:Xst:653 - Signal <overflow> is used but never assigned. This sourceless signal will be automatically connected to value GND.
    Found 32-bit comparator greater for signal <A[31]_B[31]_LessThan_4_o> created at line 42
    Summary:
	inferred   1 Comparator(s).
Unit <ALU> synthesized.

Synthesizing Unit <ADC32>.
    Related source file is "D:\zxd_CS\LCDF\Top\ADC32.vf".
    Summary:
	no macro.
Unit <ADC32> synthesized.

Synthesizing Unit <add4b_MUSER_ADC32>.
    Related source file is "D:\zxd_CS\LCDF\Top\ADC32.vf".
INFO:Xst:3210 - "D:\zxd_CS\LCDF\Top\ADC32.vf" line 49: Output port <co> of the instance <A0> is unconnected or connected to loadless signal.
INFO:Xst:3210 - "D:\zxd_CS\LCDF\Top\ADC32.vf" line 56: Output port <co> of the instance <A1> is unconnected or connected to loadless signal.
INFO:Xst:3210 - "D:\zxd_CS\LCDF\Top\ADC32.vf" line 63: Output port <co> of the instance <A2> is unconnected or connected to loadless signal.
INFO:Xst:3210 - "D:\zxd_CS\LCDF\Top\ADC32.vf" line 70: Output port <co> of the instance <A3> is unconnected or connected to loadless signal.
    Summary:
	no macro.
Unit <add4b_MUSER_ADC32> synthesized.

Synthesizing Unit <add>.
    Related source file is "D:\zxd_CS\LCDF\Top\Code\add.v".
    Summary:
Unit <add> synthesized.

Synthesizing Unit <CLA>.
    Related source file is "D:\zxd_CS\LCDF\Top\Code\CLA.v".
    Summary:
	no macro.
Unit <CLA> synthesized.

Synthesizing Unit <Counter_4bit_MUSER_Top>.
    Related source file is "D:\zxd_CS\LCDF\Top\Top.vf".
    Summary:
	no macro.
Unit <Counter_4bit_MUSER_Top> synthesized.

Synthesizing Unit <counter_32bit_rev>.
    Related source file is "D:\zxd_CS\LCDF\Top\Code\counter_32bit_rev.v".
    Found 1-bit register for signal <Rc>.
    Found 32-bit register for signal <cnt>.
    Found 32-bit subtractor for signal <cnt[31]_GND_39_o_sub_3_OUT> created at line 34.
    Found 32-bit adder for signal <cnt[31]_GND_39_o_add_1_OUT> created at line 33.
    Summary:
	inferred   1 Adder/Subtractor(s).
	inferred  33 D-type flip-flop(s).
	inferred   1 Multiplexer(s).
Unit <counter_32bit_rev> synthesized.

Synthesizing Unit <Regs_8_32>.
    Related source file is "D:\zxd_CS\LCDF\Top\Code\Regs_8_32.v".
    Summary:
	no macro.
Unit <Regs_8_32> synthesized.

Synthesizing Unit <Reg_32>.
    Related source file is "D:\zxd_CS\LCDF\Top\Code\Reg_32.v".
    Found 32-bit register for signal <Q>.
    Summary:
	inferred  32 D-type flip-flop(s).
Unit <Reg_32> synthesized.

Synthesizing Unit <HTC138_sch>.
    Related source file is "D:\zxd_CS\LCDF\Top\HTC138_sch.vf".
    Summary:
	no macro.
Unit <HTC138_sch> synthesized.

Synthesizing Unit <Decoder_38_sch_MUSER_HTC138_sch>.
    Related source file is "D:\zxd_CS\LCDF\Top\HTC138_sch.vf".
    Summary:
	no macro.
Unit <Decoder_38_sch_MUSER_HTC138_sch> synthesized.

Synthesizing Unit <MUX2T1_32>.
    Related source file is "D:\zxd_CS\LCDF\Top\Code\MUX2T1_32.v".
    Summary:
	inferred   1 Multiplexer(s).
Unit <MUX2T1_32> synthesized.

Synthesizing Unit <shift_32>.
    Related source file is "D:\zxd_CS\LCDF\Top\shift_32.v".
    Summary:
	no macro.
Unit <shift_32> synthesized.

Synthesizing Unit <DM74LS164>.
    Related source file is "D:\zxd_CS\LCDF\Top\Code\DM74LS194.v".
INFO:Xst:3210 - "D:\zxd_CS\LCDF\Top\Code\DM74LS194.v" line 38: Output port <Qn> of the instance <Shift0> is unconnected or connected to loadless signal.
INFO:Xst:3210 - "D:\zxd_CS\LCDF\Top\Code\DM74LS194.v" line 39: Output port <Qn> of the instance <Shift1> is unconnected or connected to loadless signal.
INFO:Xst:3210 - "D:\zxd_CS\LCDF\Top\Code\DM74LS194.v" line 40: Output port <Qn> of the instance <Shift2> is unconnected or connected to loadless signal.
INFO:Xst:3210 - "D:\zxd_CS\LCDF\Top\Code\DM74LS194.v" line 41: Output port <Qn> of the instance <Shift3> is unconnected or connected to loadless signal.
    Summary:
	no macro.
Unit <DM74LS164> synthesized.

Synthesizing Unit <MB_DFF>.
    Related source file is "D:\zxd_CS\LCDF\Top\MB_DFF.vf".
    Summary:
	no macro.
Unit <MB_DFF> synthesized.

=========================================================================
HDL Synthesis Report

Macro Statistics
# Adders/Subtractors                                   : 2
 32-bit adder                                          : 1
 32-bit addsub                                         : 1
# Registers                                            : 18
 1-bit register                                        : 1
 32-bit register                                       : 13
 8-bit register                                        : 4
# Comparators                                          : 1
 32-bit comparator greater                             : 1
# Multiplexers                                         : 2
 32-bit 2-to-1 multiplexer                             : 2
# Xors                                                 : 65
 1-bit xor2                                            : 64
 32-bit xor2                                           : 1

=========================================================================

=========================================================================
*                       Advanced HDL Synthesis                          *
=========================================================================

Reading core <SAnti_jitter.ngc>.
Reading core <SEnter_2_32.ngc>.
Reading core <P2S.ngc>.
Reading core <LED_P2S.ngc>.
Loading core <SAnti_jitter> for timing and area information for instance <M2>.
Loading core <SEnter_2_32> for timing and area information for instance <M4>.
Loading core <P2S> for timing and area information for instance <XLXI_1>.
Loading core <LED_P2S> for timing and area information for instance <LED_P2S>.
WARNING:Xst:1426 - The value init of the FF/Latch cpu_blink_0 hinder the constant cleaning in the block MUX1.
   You should achieve better results by setting this init to 0.
WARNING:Xst:1426 - The value init of the FF/Latch cpu_blink_1 hinder the constant cleaning in the block MUX1.
   You should achieve better results by setting this init to 0.
WARNING:Xst:1426 - The value init of the FF/Latch cpu_blink_2 hinder the constant cleaning in the block MUX1.
   You should achieve better results by setting this init to 0.
WARNING:Xst:1426 - The value init of the FF/Latch cpu_blink_3 hinder the constant cleaning in the block MUX1.
   You should achieve better results by setting this init to 0.
WARNING:Xst:1426 - The value init of the FF/Latch cpu_blink_4 hinder the constant cleaning in the block MUX1.
   You should achieve better results by setting this init to 0.
WARNING:Xst:1426 - The value init of the FF/Latch cpu_blink_5 hinder the constant cleaning in the block MUX1.
   You should achieve better results by setting this init to 0.
WARNING:Xst:1426 - The value init of the FF/Latch cpu_blink_6 hinder the constant cleaning in the block MUX1.
   You should achieve better results by setting this init to 0.
WARNING:Xst:1426 - The value init of the FF/Latch cpu_blink_7 hinder the constant cleaning in the block MUX1.
   You should achieve better results by setting this init to 0.
WARNING:Xst:1293 - FF/Latch <disp_data_16> has a constant value of 1 in block <MUX1>. This FF/Latch will be trimmed during the optimization process.
WARNING:Xst:1293 - FF/Latch <disp_data_17> has a constant value of 0 in block <MUX1>. This FF/Latch will be trimmed during the optimization process.
WARNING:Xst:1293 - FF/Latch <disp_data_18> has a constant value of 1 in block <MUX1>. This FF/Latch will be trimmed during the optimization process.
WARNING:Xst:1293 - FF/Latch <disp_data_19> has a constant value of 0 in block <MUX1>. This FF/Latch will be trimmed during the optimization process.
WARNING:Xst:1293 - FF/Latch <disp_data_20> has a constant value of 1 in block <MUX1>. This FF/Latch will be trimmed during the optimization process.
WARNING:Xst:1293 - FF/Latch <disp_data_21> has a constant value of 0 in block <MUX1>. This FF/Latch will be trimmed during the optimization process.
WARNING:Xst:1293 - FF/Latch <disp_data_22> has a constant value of 1 in block <MUX1>. This FF/Latch will be trimmed during the optimization process.
WARNING:Xst:1293 - FF/Latch <disp_data_23> has a constant value of 0 in block <MUX1>. This FF/Latch will be trimmed during the optimization process.
WARNING:Xst:1293 - FF/Latch <disp_data_24> has a constant value of 0 in block <MUX1>. This FF/Latch will be trimmed during the optimization process.
WARNING:Xst:1293 - FF/Latch <disp_data_25> has a constant value of 1 in block <MUX1>. This FF/Latch will be trimmed during the optimization process.
WARNING:Xst:1293 - FF/Latch <disp_data_26> has a constant value of 0 in block <MUX1>. This FF/Latch will be trimmed during the optimization process.
WARNING:Xst:1293 - FF/Latch <disp_data_27> has a constant value of 1 in block <MUX1>. This FF/Latch will be trimmed during the optimization process.
WARNING:Xst:1293 - FF/Latch <disp_data_28> has a constant value of 0 in block <MUX1>. This FF/Latch will be trimmed during the optimization process.
WARNING:Xst:1293 - FF/Latch <disp_data_29> has a constant value of 1 in block <MUX1>. This FF/Latch will be trimmed during the optimization process.
WARNING:Xst:1293 - FF/Latch <disp_data_30> has a constant value of 0 in block <MUX1>. This FF/Latch will be trimmed during the optimization process.
WARNING:Xst:1293 - FF/Latch <disp_data_31> has a constant value of 1 in block <MUX1>. This FF/Latch will be trimmed during the optimization process.
WARNING:Xst:1293 - FF/Latch <cpu_blink_0> has a constant value of 1 in block <MUX1>. This FF/Latch will be trimmed during the optimization process.
WARNING:Xst:1293 - FF/Latch <cpu_blink_1> has a constant value of 1 in block <MUX1>. This FF/Latch will be trimmed during the optimization process.
WARNING:Xst:1293 - FF/Latch <cpu_blink_2> has a constant value of 1 in block <MUX1>. This FF/Latch will be trimmed during the optimization process.
WARNING:Xst:1293 - FF/Latch <cpu_blink_3> has a constant value of 1 in block <MUX1>. This FF/Latch will be trimmed during the optimization process.
WARNING:Xst:1293 - FF/Latch <cpu_blink_4> has a constant value of 1 in block <MUX1>. This FF/Latch will be trimmed during the optimization process.
WARNING:Xst:1293 - FF/Latch <cpu_blink_5> has a constant value of 1 in block <MUX1>. This FF/Latch will be trimmed during the optimization process.
WARNING:Xst:1293 - FF/Latch <cpu_blink_6> has a constant value of 1 in block <MUX1>. This FF/Latch will be trimmed during the optimization process.
WARNING:Xst:1293 - FF/Latch <cpu_blink_7> has a constant value of 1 in block <MUX1>. This FF/Latch will be trimmed during the optimization process.
WARNING:Xst:1293 - FF/Latch <cpu_point_0> has a constant value of 0 in block <MUX1>. This FF/Latch will be trimmed during the optimization process.
WARNING:Xst:1293 - FF/Latch <cpu_point_1> has a constant value of 0 in block <MUX1>. This FF/Latch will be trimmed during the optimization process.
WARNING:Xst:1293 - FF/Latch <cpu_point_2> has a constant value of 0 in block <MUX1>. This FF/Latch will be trimmed during the optimization process.
WARNING:Xst:1293 - FF/Latch <cpu_point_3> has a constant value of 0 in block <MUX1>. This FF/Latch will be trimmed during the optimization process.
WARNING:Xst:1293 - FF/Latch <cpu_point_4> has a constant value of 0 in block <MUX1>. This FF/Latch will be trimmed during the optimization process.
WARNING:Xst:1293 - FF/Latch <cpu_point_5> has a constant value of 0 in block <MUX1>. This FF/Latch will be trimmed during the optimization process.
WARNING:Xst:1293 - FF/Latch <cpu_point_6> has a constant value of 0 in block <MUX1>. This FF/Latch will be trimmed during the optimization process.
WARNING:Xst:1293 - FF/Latch <cpu_point_7> has a constant value of 0 in block <MUX1>. This FF/Latch will be trimmed during the optimization process.
WARNING:Xst:1293 - FF/Latch <disp_data_0> has a constant value of 0 in block <MUX1>. This FF/Latch will be trimmed during the optimization process.
WARNING:Xst:1293 - FF/Latch <disp_data_1> has a constant value of 1 in block <MUX1>. This FF/Latch will be trimmed during the optimization process.
WARNING:Xst:1293 - FF/Latch <disp_data_2> has a constant value of 0 in block <MUX1>. This FF/Latch will be trimmed during the optimization process.
WARNING:Xst:1293 - FF/Latch <disp_data_3> has a constant value of 1 in block <MUX1>. This FF/Latch will be trimmed during the optimization process.
WARNING:Xst:1293 - FF/Latch <disp_data_4> has a constant value of 0 in block <MUX1>. This FF/Latch will be trimmed during the optimization process.
WARNING:Xst:1293 - FF/Latch <disp_data_5> has a constant value of 1 in block <MUX1>. This FF/Latch will be trimmed during the optimization process.
WARNING:Xst:1293 - FF/Latch <disp_data_6> has a constant value of 0 in block <MUX1>. This FF/Latch will be trimmed during the optimization process.
WARNING:Xst:1293 - FF/Latch <disp_data_7> has a constant value of 1 in block <MUX1>. This FF/Latch will be trimmed during the optimization process.
WARNING:Xst:1293 - FF/Latch <disp_data_8> has a constant value of 1 in block <MUX1>. This FF/Latch will be trimmed during the optimization process.
WARNING:Xst:1293 - FF/Latch <disp_data_9> has a constant value of 0 in block <MUX1>. This FF/Latch will be trimmed during the optimization process.
WARNING:Xst:1293 - FF/Latch <disp_data_10> has a constant value of 1 in block <MUX1>. This FF/Latch will be trimmed during the optimization process.
WARNING:Xst:1293 - FF/Latch <disp_data_11> has a constant value of 0 in block <MUX1>. This FF/Latch will be trimmed during the optimization process.
WARNING:Xst:1293 - FF/Latch <disp_data_12> has a constant value of 1 in block <MUX1>. This FF/Latch will be trimmed during the optimization process.
WARNING:Xst:1293 - FF/Latch <disp_data_13> has a constant value of 0 in block <MUX1>. This FF/Latch will be trimmed during the optimization process.
WARNING:Xst:1293 - FF/Latch <disp_data_14> has a constant value of 1 in block <MUX1>. This FF/Latch will be trimmed during the optimization process.
WARNING:Xst:1293 - FF/Latch <disp_data_15> has a constant value of 0 in block <MUX1>. This FF/Latch will be trimmed during the optimization process.
WARNING:Xst:2677 - Node <GPIOf0_16> of sequential type is unconnected in block <M6>.
WARNING:Xst:2677 - Node <GPIOf0_17> of sequential type is unconnected in block <M6>.
WARNING:Xst:2677 - Node <GPIOf0_18> of sequential type is unconnected in block <M6>.
WARNING:Xst:2677 - Node <GPIOf0_19> of sequential type is unconnected in block <M6>.
WARNING:Xst:2677 - Node <GPIOf0_20> of sequential type is unconnected in block <M6>.
WARNING:Xst:2677 - Node <GPIOf0_21> of sequential type is unconnected in block <M6>.
WARNING:Xst:2677 - Node <GPIOf0_22> of sequential type is unconnected in block <M6>.
WARNING:Xst:2677 - Node <GPIOf0_23> of sequential type is unconnected in block <M6>.
WARNING:Xst:2677 - Node <GPIOf0_24> of sequential type is unconnected in block <M6>.
WARNING:Xst:2677 - Node <GPIOf0_25> of sequential type is unconnected in block <M6>.
WARNING:Xst:2677 - Node <GPIOf0_26> of sequential type is unconnected in block <M6>.
WARNING:Xst:2677 - Node <GPIOf0_27> of sequential type is unconnected in block <M6>.
WARNING:Xst:2677 - Node <GPIOf0_28> of sequential type is unconnected in block <M6>.
WARNING:Xst:2677 - Node <GPIOf0_29> of sequential type is unconnected in block <M6>.
WARNING:Xst:2677 - Node <GPIOf0_30> of sequential type is unconnected in block <M6>.
WARNING:Xst:2677 - Node <GPIOf0_31> of sequential type is unconnected in block <M6>.

Synthesizing (advanced) Unit <clkdiv>.
The following registers are absorbed into counter <clkdiv>: 1 register on signal <clkdiv>.
Unit <clkdiv> synthesized (advanced).

Synthesizing (advanced) Unit <counter_32bit_rev>.
The following registers are absorbed into counter <cnt>: 1 register on signal <cnt>.
Unit <counter_32bit_rev> synthesized (advanced).

=========================================================================
Advanced HDL Synthesis Report

Macro Statistics
# Counters                                             : 2
 32-bit up counter                                     : 1
 32-bit updown counter                                 : 1
# Registers                                            : 389
 Flip-Flops                                            : 389
# Comparators                                          : 1
 32-bit comparator greater                             : 1
# Multiplexers                                         : 1
 32-bit 2-to-1 multiplexer                             : 1
# Xors                                                 : 65
 1-bit xor2                                            : 64
 32-bit xor2                                           : 1

=========================================================================

=========================================================================
*                         Low Level Synthesis                           *
=========================================================================
WARNING:Xst:2170 - Unit DM74LS164 : the following signal(s) form a combinatorial loop: Shift0/XLXN_12, Shift0/XLXN_22, Shift0/Qn_DUMMY, QA.
WARNING:Xst:2170 - Unit DM74LS164 : the following signal(s) form a combinatorial loop: Shift1/Qn_DUMMY, Shift1/XLXN_12, QB, Shift1/XLXN_22.
WARNING:Xst:2170 - Unit DM74LS164 : the following signal(s) form a combinatorial loop: Shift2/Qn_DUMMY, Shift2/XLXN_22, Shift2/XLXN_12, QC.
WARNING:Xst:2170 - Unit DM74LS164 : the following signal(s) form a combinatorial loop: Shift3/Qn_DUMMY, Shift3/XLXN_22, Shift3/XLXN_12, QD.

Optimizing unit <MC14495_ZJU> ...

Optimizing unit <MUX2T1_64_MUSER_Top> ...

Optimizing unit <MUX2T1_8_MUSER_Top> ...

Optimizing unit <Multi_8CH32> ...

Optimizing unit <MUX8T1_8_MUSER_MUX8T1_32> ...

Optimizing unit <MUX4T1_4_MUSER_MUX8T1_32> ...

Optimizing unit <MUX8T1_8> ...

Optimizing unit <MUX4T1_4_MUSER_MUX8T1_8> ...

Optimizing unit <HTC138_sch> ...

Optimizing unit <Decoder_38_sch_MUSER_HTC138_sch> ...

Optimizing unit <DM74LS164> ...

Optimizing unit <Counter_4bit_MUSER_Top> ...

Optimizing unit <Top> ...

Optimizing unit <HexTo8SEG> ...

Optimizing unit <GPIO> ...

Optimizing unit <Regs_8_32> ...

Optimizing unit <shift_32> ...

Optimizing unit <counter_32bit_rev> ...

Optimizing unit <ALU> ...

Optimizing unit <ADC32> ...
WARNING:Xst:1426 - The value init of the FF/Latch M8/MUX1/cpu_blink_0 hinder the constant cleaning in the block Top.
   You should achieve better results by setting this init to 0.
WARNING:Xst:1426 - The value init of the FF/Latch M8/MUX1/cpu_blink_1 hinder the constant cleaning in the block Top.
   You should achieve better results by setting this init to 0.
WARNING:Xst:1426 - The value init of the FF/Latch M8/MUX1/cpu_blink_2 hinder the constant cleaning in the block Top.
   You should achieve better results by setting this init to 0.
WARNING:Xst:1426 - The value init of the FF/Latch M8/MUX1/cpu_blink_3 hinder the constant cleaning in the block Top.
   You should achieve better results by setting this init to 0.
WARNING:Xst:1426 - The value init of the FF/Latch M8/MUX1/cpu_blink_4 hinder the constant cleaning in the block Top.
   You should achieve better results by setting this init to 0.
WARNING:Xst:1426 - The value init of the FF/Latch M8/MUX1/cpu_blink_5 hinder the constant cleaning in the block Top.
   You should achieve better results by setting this init to 0.
WARNING:Xst:1426 - The value init of the FF/Latch M8/MUX1/cpu_blink_6 hinder the constant cleaning in the block Top.
   You should achieve better results by setting this init to 0.
WARNING:Xst:1426 - The value init of the FF/Latch M8/MUX1/cpu_blink_7 hinder the constant cleaning in the block Top.
   You should achieve better results by setting this init to 0.
WARNING:Xst:1293 - FF/Latch <M8/MUX1/disp_data_16> has a constant value of 1 in block <Top>. This FF/Latch will be trimmed during the optimization process.
WARNING:Xst:1293 - FF/Latch <M8/MUX1/disp_data_17> has a constant value of 0 in block <Top>. This FF/Latch will be trimmed during the optimization process.
WARNING:Xst:1293 - FF/Latch <M8/MUX1/disp_data_18> has a constant value of 1 in block <Top>. This FF/Latch will be trimmed during the optimization process.
WARNING:Xst:1293 - FF/Latch <M8/MUX1/disp_data_19> has a constant value of 0 in block <Top>. This FF/Latch will be trimmed during the optimization process.
WARNING:Xst:1293 - FF/Latch <M8/MUX1/disp_data_20> has a constant value of 1 in block <Top>. This FF/Latch will be trimmed during the optimization process.
WARNING:Xst:1293 - FF/Latch <M8/MUX1/disp_data_21> has a constant value of 0 in block <Top>. This FF/Latch will be trimmed during the optimization process.
WARNING:Xst:1293 - FF/Latch <M8/MUX1/disp_data_22> has a constant value of 1 in block <Top>. This FF/Latch will be trimmed during the optimization process.
WARNING:Xst:1293 - FF/Latch <M8/MUX1/disp_data_23> has a constant value of 0 in block <Top>. This FF/Latch will be trimmed during the optimization process.
WARNING:Xst:1293 - FF/Latch <M8/MUX1/disp_data_24> has a constant value of 0 in block <Top>. This FF/Latch will be trimmed during the optimization process.
WARNING:Xst:1293 - FF/Latch <M8/MUX1/disp_data_25> has a constant value of 1 in block <Top>. This FF/Latch will be trimmed during the optimization process.
WARNING:Xst:1293 - FF/Latch <M8/MUX1/disp_data_26> has a constant value of 0 in block <Top>. This FF/Latch will be trimmed during the optimization process.
WARNING:Xst:1293 - FF/Latch <M8/MUX1/disp_data_27> has a constant value of 1 in block <Top>. This FF/Latch will be trimmed during the optimization process.
WARNING:Xst:1293 - FF/Latch <M8/MUX1/disp_data_28> has a constant value of 0 in block <Top>. This FF/Latch will be trimmed during the optimization process.
WARNING:Xst:1293 - FF/Latch <M8/MUX1/disp_data_29> has a constant value of 1 in block <Top>. This FF/Latch will be trimmed during the optimization process.
WARNING:Xst:1293 - FF/Latch <M8/MUX1/disp_data_30> has a constant value of 0 in block <Top>. This FF/Latch will be trimmed during the optimization process.
WARNING:Xst:1293 - FF/Latch <M8/MUX1/disp_data_31> has a constant value of 1 in block <Top>. This FF/Latch will be trimmed during the optimization process.
WARNING:Xst:1293 - FF/Latch <M8/MUX1/cpu_blink_0> has a constant value of 1 in block <Top>. This FF/Latch will be trimmed during the optimization process.
WARNING:Xst:1293 - FF/Latch <M8/MUX1/cpu_blink_1> has a constant value of 1 in block <Top>. This FF/Latch will be trimmed during the optimization process.
WARNING:Xst:1293 - FF/Latch <M8/MUX1/cpu_blink_2> has a constant value of 1 in block <Top>. This FF/Latch will be trimmed during the optimization process.
WARNING:Xst:1293 - FF/Latch <M8/MUX1/cpu_blink_3> has a constant value of 1 in block <Top>. This FF/Latch will be trimmed during the optimization process.
WARNING:Xst:1293 - FF/Latch <M8/MUX1/cpu_blink_4> has a constant value of 1 in block <Top>. This FF/Latch will be trimmed during the optimization process.
WARNING:Xst:1293 - FF/Latch <M8/MUX1/cpu_blink_5> has a constant value of 1 in block <Top>. This FF/Latch will be trimmed during the optimization process.
WARNING:Xst:1293 - FF/Latch <M8/MUX1/cpu_blink_6> has a constant value of 1 in block <Top>. This FF/Latch will be trimmed during the optimization process.
WARNING:Xst:1293 - FF/Latch <M8/MUX1/cpu_blink_7> has a constant value of 1 in block <Top>. This FF/Latch will be trimmed during the optimization process.
WARNING:Xst:1293 - FF/Latch <M8/MUX1/cpu_point_0> has a constant value of 0 in block <Top>. This FF/Latch will be trimmed during the optimization process.
WARNING:Xst:1293 - FF/Latch <M8/MUX1/cpu_point_1> has a constant value of 0 in block <Top>. This FF/Latch will be trimmed during the optimization process.
WARNING:Xst:1293 - FF/Latch <M8/MUX1/cpu_point_2> has a constant value of 0 in block <Top>. This FF/Latch will be trimmed during the optimization process.
WARNING:Xst:1293 - FF/Latch <M8/MUX1/cpu_point_3> has a constant value of 0 in block <Top>. This FF/Latch will be trimmed during the optimization process.
WARNING:Xst:1293 - FF/Latch <M8/MUX1/cpu_point_4> has a constant value of 0 in block <Top>. This FF/Latch will be trimmed during the optimization process.
WARNING:Xst:1293 - FF/Latch <M8/MUX1/cpu_point_5> has a constant value of 0 in block <Top>. This FF/Latch will be trimmed during the optimization process.
WARNING:Xst:1293 - FF/Latch <M8/MUX1/cpu_point_6> has a constant value of 0 in block <Top>. This FF/Latch will be trimmed during the optimization process.
WARNING:Xst:1293 - FF/Latch <M8/MUX1/cpu_point_7> has a constant value of 0 in block <Top>. This FF/Latch will be trimmed during the optimization process.
WARNING:Xst:1293 - FF/Latch <M8/MUX1/disp_data_0> has a constant value of 0 in block <Top>. This FF/Latch will be trimmed during the optimization process.
WARNING:Xst:1293 - FF/Latch <M8/MUX1/disp_data_1> has a constant value of 1 in block <Top>. This FF/Latch will be trimmed during the optimization process.
WARNING:Xst:1293 - FF/Latch <M8/MUX1/disp_data_2> has a constant value of 0 in block <Top>. This FF/Latch will be trimmed during the optimization process.
WARNING:Xst:1293 - FF/Latch <M8/MUX1/disp_data_3> has a constant value of 1 in block <Top>. This FF/Latch will be trimmed during the optimization process.
WARNING:Xst:1293 - FF/Latch <M8/MUX1/disp_data_4> has a constant value of 0 in block <Top>. This FF/Latch will be trimmed during the optimization process.
WARNING:Xst:1293 - FF/Latch <M8/MUX1/disp_data_5> has a constant value of 1 in block <Top>. This FF/Latch will be trimmed during the optimization process.
WARNING:Xst:1293 - FF/Latch <M8/MUX1/disp_data_6> has a constant value of 0 in block <Top>. This FF/Latch will be trimmed during the optimization process.
WARNING:Xst:1293 - FF/Latch <M8/MUX1/disp_data_7> has a constant value of 1 in block <Top>. This FF/Latch will be trimmed during the optimization process.
WARNING:Xst:1293 - FF/Latch <M8/MUX1/disp_data_8> has a constant value of 1 in block <Top>. This FF/Latch will be trimmed during the optimization process.
WARNING:Xst:1293 - FF/Latch <M8/MUX1/disp_data_9> has a constant value of 0 in block <Top>. This FF/Latch will be trimmed during the optimization process.
WARNING:Xst:1293 - FF/Latch <M8/MUX1/disp_data_10> has a constant value of 1 in block <Top>. This FF/Latch will be trimmed during the optimization process.
WARNING:Xst:1293 - FF/Latch <M8/MUX1/disp_data_11> has a constant value of 0 in block <Top>. This FF/Latch will be trimmed during the optimization process.
WARNING:Xst:1293 - FF/Latch <M8/MUX1/disp_data_12> has a constant value of 1 in block <Top>. This FF/Latch will be trimmed during the optimization process.
WARNING:Xst:1293 - FF/Latch <M8/MUX1/disp_data_13> has a constant value of 0 in block <Top>. This FF/Latch will be trimmed during the optimization process.
WARNING:Xst:1293 - FF/Latch <M8/MUX1/disp_data_14> has a constant value of 1 in block <Top>. This FF/Latch will be trimmed during the optimization process.
WARNING:Xst:1293 - FF/Latch <M8/MUX1/disp_data_15> has a constant value of 0 in block <Top>. This FF/Latch will be trimmed during the optimization process.
WARNING:Xst:1895 - Due to other FF/Latch trimming, FF/Latch <M6/GPIOf0_1> (without init value) has a constant value of 0 in block <Top>. This FF/Latch will be trimmed during the optimization process.
WARNING:Xst:2677 - Node <M6/GPIOf0_31> of sequential type is unconnected in block <Top>.
WARNING:Xst:2677 - Node <M6/GPIOf0_30> of sequential type is unconnected in block <Top>.
WARNING:Xst:2677 - Node <M6/GPIOf0_29> of sequential type is unconnected in block <Top>.
WARNING:Xst:2677 - Node <M6/GPIOf0_28> of sequential type is unconnected in block <Top>.
WARNING:Xst:2677 - Node <M6/GPIOf0_27> of sequential type is unconnected in block <Top>.
WARNING:Xst:2677 - Node <M6/GPIOf0_26> of sequential type is unconnected in block <Top>.
WARNING:Xst:2677 - Node <M6/GPIOf0_25> of sequential type is unconnected in block <Top>.
WARNING:Xst:2677 - Node <M6/GPIOf0_24> of sequential type is unconnected in block <Top>.
WARNING:Xst:2677 - Node <M6/GPIOf0_23> of sequential type is unconnected in block <Top>.
WARNING:Xst:2677 - Node <M6/GPIOf0_22> of sequential type is unconnected in block <Top>.
WARNING:Xst:2677 - Node <M6/GPIOf0_21> of sequential type is unconnected in block <Top>.
WARNING:Xst:2677 - Node <M6/GPIOf0_20> of sequential type is unconnected in block <Top>.
WARNING:Xst:2677 - Node <M6/GPIOf0_19> of sequential type is unconnected in block <Top>.
WARNING:Xst:2677 - Node <M6/GPIOf0_18> of sequential type is unconnected in block <Top>.
WARNING:Xst:2677 - Node <M6/GPIOf0_17> of sequential type is unconnected in block <Top>.
WARNING:Xst:2677 - Node <M6/GPIOf0_16> of sequential type is unconnected in block <Top>.

Mapping all equations...
Building and optimizing final netlist ...
Found area constraint ratio of 100 (+ 5) on block Top, actual ratio is 1.

Final Macro Processing ...

=========================================================================
Final Register Report

Macro Statistics
# Registers                                            : 388
 Flip-Flops                                            : 388

=========================================================================

=========================================================================
*                           Partition Report                            *
=========================================================================

Partition Implementation Status
-------------------------------

  No Partitions were found in this design.

-------------------------------

=========================================================================
*                            Design Summary                             *
=========================================================================

Top Level Output File Name         : Top.ngc

Primitive and Black Box Usage:
------------------------------
# BELS                             : 4483
#      AND2                        : 2070
#      AND3                        : 217
#      AND4                        : 72
#      BUF                         : 1
#      GND                         : 2
#      INV                         : 293
#      LUT1                        : 97
#      LUT2                        : 63
#      LUT3                        : 110
#      LUT4                        : 164
#      LUT5                        : 79
#      LUT6                        : 281
#      MULT_AND                    : 31
#      MUXCY                       : 167
#      MUXF7                       : 6
#      OR2                         : 282
#      OR3                         : 24
#      OR4                         : 384
#      VCC                         : 4
#      XNOR2                       : 3
#      XORCY                       : 133
# FlipFlops/Latches                : 687
#      FD                          : 242
#      FDC                         : 46
#      FDC_1                       : 15
#      FDCE                        : 260
#      FDE                         : 95
#      FDRE                        : 29
# Clock Buffers                    : 4
#      BUFG                        : 3
#      BUFGP                       : 1
# IO Buffers                       : 38
#      IBUF                        : 21
#      OBUF                        : 17
# Logical                          : 203
#      NAND2                       : 8
#      NAND3                       : 192
#      NOR2                        : 1
#      NOR3                        : 1
#      NOR4                        : 1

Device utilization summary:
---------------------------

Selected Device : 7k160tffg676-2l 


Slice Logic Utilization: 
 Number of Slice Registers:             687  out of  202800     0%  
 Number of Slice LUTs:                 1087  out of  101400     1%  
    Number used as Logic:              1087  out of  101400     1%  

Slice Logic Distribution: 
 Number of LUT Flip Flop pairs used:   1420
   Number with an unused Flip Flop:     733  out of   1420    51%  
   Number with an unused LUT:           333  out of   1420    23%  
   Number of fully used LUT-FF pairs:   354  out of   1420    24%  
   Number of unique control sets:        27

IO Utilization: 
 Number of IOs:                          39
 Number of bonded IOBs:                  39  out of    400     9%  

Specific Feature Utilization:
 Number of BUFG/BUFGCTRLs:                4  out of     32    12%  

---------------------------
Partition Resource Summary:
---------------------------

  No Partitions were found in this design.

---------------------------


=========================================================================
Timing Report

NOTE: THESE TIMING NUMBERS ARE ONLY A SYNTHESIS ESTIMATE.
      FOR ACCURATE TIMING INFORMATION PLEASE REFER TO THE TRACE REPORT
      GENERATED AFTER PLACE-and-ROUTE.

Clock Information:
------------------
-----------------------------------+------------------------+-------+
Clock Signal                       | Clock buffer(FF name)  | Load  |
-----------------------------------+------------------------+-------+
clk_100mhz                         | BUFGP                  | 350   |
M2/pulse_out<3>                    | BUFG                   | 256   |
M1/clkdiv_26                       | BUFG                   | 37    |
M2/clk1                            | BUFG                   | 41    |
M4/push(M4/push1:O)                | NONE(*)(M4/state_0)    | 3     |
-----------------------------------+------------------------+-------+
(*) This 1 clock signal(s) are generated by combinatorial logic,
and XST is not able to identify which are the primary clock signals.
Please use the CLOCK_SIGNAL constraint to specify the clock signal(s) generated by combinatorial logic.
INFO:Xst:2169 - HDL ADVISOR - Some clock signals were not automatically buffered by XST with BUFG/BUFR resources. Please use the buffer_type constraint in order to insert these buffers to the clock signals to help prevent skew problems.

Asynchronous Control Signals Information:
----------------------------------------
No asynchronous control signals found in this design

Timing Summary:
---------------
Speed Grade: -2

   Minimum period: 176.991ns (Maximum Frequency: 5.650MHz)
   Minimum input arrival time before clock: 2.109ns
   Maximum output required time after clock: 0.658ns
   Maximum combinational path delay: No path found

Timing Details:
---------------
All values displayed in nanoseconds (ns)

=========================================================================
Timing constraint: Default period analysis for Clock 'clk_100mhz'
  Clock period: 176.991ns (frequency: 5.650MHz)
  Total number of paths / destination ports: 449450046808291390 / 443
-------------------------------------------------------------------------
Delay:               176.991ns (Levels of Logic = 268)
  Source:            M4/Ai_31 (FF)
  Destination:       M3/XLXI_1/buffer_60 (FF)
  Source Clock:      clk_100mhz rising
  Destination Clock: clk_100mhz rising

  Data Path: M4/Ai_31 to M3/XLXI_1/buffer_60
                                Gate     Net
    Cell:in->out      fanout   Delay   Delay  Logical Name (Net Name)
    ----------------------------------------  ------------
     FDE:C->Q              6   0.236   0.550  Ai_31 (Ai<31>)
     end scope: 'M4:Ai<31>'
     AND3:I2->O            1   0.134   0.495  M12/SH7/P0 (M12/SH7/PD0)
     OR4:I3->O             1   0.161   0.522  M12/SH7/GD0 (M12/SH7/D0)
     NAND3:I2->O           2   0.134   0.618  M12/SH7/Shift0/XLXI_3 (M12/SH7/Shift0/XLXN_12)
     NAND3:I0->O           1   0.043   0.522  M12/SH7/Shift0/XLXI_2 (M12/SH7/Shift0/XLXN_13)
     NAND3:I2->O           3   0.134   0.534  M12/SH7/Shift0/XLXI_4 (M12/SH7/Shift0/XLXN_11)
     NAND3:I2->O           2   0.134   0.608  M12/SH7/Shift0/XLXI_5 (M12/SH7/Shift0/XLXN_22)
     NAND3:I1->O           1   0.053   0.613  M12/SH7/Shift0/XLXI_7 (M12/SH7/Shift0/Qn_DUMMY)
     NAND3:I0->O           4   0.043   0.539  M12/SH7/Shift0/XLXI_6 (XLXN_27<31>)
     AND3:I2->O            1   0.134   0.603  M12/SH7/SR1 (M12/SH7/RD1)
     OR4:I1->O             1   0.053   0.522  M12/SH7/GD1 (M12/SH7/D1)
     NAND3:I2->O           2   0.134   0.618  M12/SH7/Shift1/XLXI_3 (M12/SH7/Shift1/XLXN_12)
     NAND3:I0->O           1   0.043   0.522  M12/SH7/Shift1/XLXI_2 (M12/SH7/Shift1/XLXN_13)
     NAND3:I2->O           3   0.134   0.534  M12/SH7/Shift1/XLXI_4 (M12/SH7/Shift1/XLXN_11)
     NAND3:I2->O           2   0.134   0.608  M12/SH7/Shift1/XLXI_5 (M12/SH7/Shift1/XLXN_22)
     NAND3:I1->O           1   0.053   0.613  M12/SH7/Shift1/XLXI_7 (M12/SH7/Shift1/Qn_DUMMY)
     NAND3:I0->O           5   0.043   0.545  M12/SH7/Shift1/XLXI_6 (XLXN_27<30>)
     AND3:I2->O            1   0.134   0.603  M12/SH7/SR2 (M12/SH7/RD2)
     OR4:I1->O             1   0.053   0.522  M12/SH7/GD2 (M12/SH7/D2)
     NAND3:I2->O           2   0.134   0.618  M12/SH7/Shift2/XLXI_3 (M12/SH7/Shift2/XLXN_12)
     NAND3:I0->O           1   0.043   0.522  M12/SH7/Shift2/XLXI_2 (M12/SH7/Shift2/XLXN_13)
     NAND3:I2->O           3   0.134   0.534  M12/SH7/Shift2/XLXI_4 (M12/SH7/Shift2/XLXN_11)
     NAND3:I2->O           2   0.134   0.608  M12/SH7/Shift2/XLXI_5 (M12/SH7/Shift2/XLXN_22)
     NAND3:I1->O           1   0.053   0.613  M12/SH7/Shift2/XLXI_7 (M12/SH7/Shift2/Qn_DUMMY)
     NAND3:I0->O           5   0.043   0.545  M12/SH7/Shift2/XLXI_6 (XLXN_27<29>)
     AND3:I2->O            1   0.134   0.603  M12/SH7/SR3 (M12/SH7/RD3)
     OR4:I1->O             1   0.053   0.522  M12/SH7/GD3 (M12/SH7/D3)
     NAND3:I2->O           2   0.134   0.618  M12/SH7/Shift3/XLXI_3 (M12/SH7/Shift3/XLXN_12)
     NAND3:I0->O           1   0.043   0.522  M12/SH7/Shift3/XLXI_2 (M12/SH7/Shift3/XLXN_13)
     NAND3:I2->O           3   0.134   0.534  M12/SH7/Shift3/XLXI_4 (M12/SH7/Shift3/XLXN_11)
     NAND3:I2->O           2   0.134   0.608  M12/SH7/Shift3/XLXI_5 (M12/SH7/Shift3/XLXN_22)
     NAND3:I1->O           1   0.053   0.613  M12/SH7/Shift3/XLXI_7 (M12/SH7/Shift3/Qn_DUMMY)
     NAND3:I0->O           5   0.043   0.545  M12/SH7/Shift3/XLXI_6 (XLXN_27<28>)
     AND3:I2->O            1   0.134   0.603  M12/SH6/SR0 (M12/SH6/RD0)
     OR4:I1->O             1   0.053   0.522  M12/SH6/GD0 (M12/SH6/D0)
     NAND3:I2->O           2   0.134   0.618  M12/SH6/Shift0/XLXI_3 (M12/SH6/Shift0/XLXN_12)
     NAND3:I0->O           1   0.043   0.522  M12/SH6/Shift0/XLXI_2 (M12/SH6/Shift0/XLXN_13)
     NAND3:I2->O           3   0.134   0.534  M12/SH6/Shift0/XLXI_4 (M12/SH6/Shift0/XLXN_11)
     NAND3:I2->O           2   0.134   0.608  M12/SH6/Shift0/XLXI_5 (M12/SH6/Shift0/XLXN_22)
     NAND3:I1->O           1   0.053   0.613  M12/SH6/Shift0/XLXI_7 (M12/SH6/Shift0/Qn_DUMMY)
     NAND3:I0->O           5   0.043   0.545  M12/SH6/Shift0/XLXI_6 (XLXN_27<27>)
     AND3:I2->O            1   0.134   0.603  M12/SH6/SR1 (M12/SH6/RD1)
     OR4:I1->O             1   0.053   0.522  M12/SH6/GD1 (M12/SH6/D1)
     NAND3:I2->O           2   0.134   0.618  M12/SH6/Shift1/XLXI_3 (M12/SH6/Shift1/XLXN_12)
     NAND3:I0->O           1   0.043   0.522  M12/SH6/Shift1/XLXI_2 (M12/SH6/Shift1/XLXN_13)
     NAND3:I2->O           3   0.134   0.534  M12/SH6/Shift1/XLXI_4 (M12/SH6/Shift1/XLXN_11)
     NAND3:I2->O           2   0.134   0.608  M12/SH6/Shift1/XLXI_5 (M12/SH6/Shift1/XLXN_22)
     NAND3:I1->O           1   0.053   0.613  M12/SH6/Shift1/XLXI_7 (M12/SH6/Shift1/Qn_DUMMY)
     NAND3:I0->O           5   0.043   0.545  M12/SH6/Shift1/XLXI_6 (XLXN_27<26>)
     AND3:I2->O            1   0.134   0.603  M12/SH6/SR2 (M12/SH6/RD2)
     OR4:I1->O             1   0.053   0.522  M12/SH6/GD2 (M12/SH6/D2)
     NAND3:I2->O           2   0.134   0.618  M12/SH6/Shift2/XLXI_3 (M12/SH6/Shift2/XLXN_12)
     NAND3:I0->O           1   0.043   0.522  M12/SH6/Shift2/XLXI_2 (M12/SH6/Shift2/XLXN_13)
     NAND3:I2->O           3   0.134   0.534  M12/SH6/Shift2/XLXI_4 (M12/SH6/Shift2/XLXN_11)
     NAND3:I2->O           2   0.134   0.608  M12/SH6/Shift2/XLXI_5 (M12/SH6/Shift2/XLXN_22)
     NAND3:I1->O           1   0.053   0.613  M12/SH6/Shift2/XLXI_7 (M12/SH6/Shift2/Qn_DUMMY)
     NAND3:I0->O           5   0.043   0.545  M12/SH6/Shift2/XLXI_6 (XLXN_27<25>)
     AND3:I2->O            1   0.134   0.603  M12/SH6/SR3 (M12/SH6/RD3)
     OR4:I1->O             1   0.053   0.522  M12/SH6/GD3 (M12/SH6/D3)
     NAND3:I2->O           2   0.134   0.618  M12/SH6/Shift3/XLXI_3 (M12/SH6/Shift3/XLXN_12)
     NAND3:I0->O           1   0.043   0.522  M12/SH6/Shift3/XLXI_2 (M12/SH6/Shift3/XLXN_13)
     NAND3:I2->O           3   0.134   0.534  M12/SH6/Shift3/XLXI_4 (M12/SH6/Shift3/XLXN_11)
     NAND3:I2->O           2   0.134   0.608  M12/SH6/Shift3/XLXI_5 (M12/SH6/Shift3/XLXN_22)
     NAND3:I1->O           1   0.053   0.613  M12/SH6/Shift3/XLXI_7 (M12/SH6/Shift3/Qn_DUMMY)
     NAND3:I0->O           5   0.043   0.545  M12/SH6/Shift3/XLXI_6 (XLXN_27<24>)
     AND3:I2->O            1   0.134   0.603  M12/SH5/SR0 (M12/SH5/RD0)
     OR4:I1->O             1   0.053   0.522  M12/SH5/GD0 (M12/SH5/D0)
     NAND3:I2->O           2   0.134   0.618  M12/SH5/Shift0/XLXI_3 (M12/SH5/Shift0/XLXN_12)
     NAND3:I0->O           1   0.043   0.522  M12/SH5/Shift0/XLXI_2 (M12/SH5/Shift0/XLXN_13)
     NAND3:I2->O           3   0.134   0.534  M12/SH5/Shift0/XLXI_4 (M12/SH5/Shift0/XLXN_11)
     NAND3:I2->O           2   0.134   0.608  M12/SH5/Shift0/XLXI_5 (M12/SH5/Shift0/XLXN_22)
     NAND3:I1->O           1   0.053   0.613  M12/SH5/Shift0/XLXI_7 (M12/SH5/Shift0/Qn_DUMMY)
     NAND3:I0->O           5   0.043   0.545  M12/SH5/Shift0/XLXI_6 (XLXN_27<23>)
     AND3:I2->O            1   0.134   0.603  M12/SH5/SR1 (M12/SH5/RD1)
     OR4:I1->O             1   0.053   0.522  M12/SH5/GD1 (M12/SH5/D1)
     NAND3:I2->O           2   0.134   0.618  M12/SH5/Shift1/XLXI_3 (M12/SH5/Shift1/XLXN_12)
     NAND3:I0->O           1   0.043   0.522  M12/SH5/Shift1/XLXI_2 (M12/SH5/Shift1/XLXN_13)
     NAND3:I2->O           3   0.134   0.534  M12/SH5/Shift1/XLXI_4 (M12/SH5/Shift1/XLXN_11)
     NAND3:I2->O           2   0.134   0.608  M12/SH5/Shift1/XLXI_5 (M12/SH5/Shift1/XLXN_22)
     NAND3:I1->O           1   0.053   0.613  M12/SH5/Shift1/XLXI_7 (M12/SH5/Shift1/Qn_DUMMY)
     NAND3:I0->O           5   0.043   0.545  M12/SH5/Shift1/XLXI_6 (XLXN_27<22>)
     AND3:I2->O            1   0.134   0.603  M12/SH5/SR2 (M12/SH5/RD2)
     OR4:I1->O             1   0.053   0.522  M12/SH5/GD2 (M12/SH5/D2)
     NAND3:I2->O           2   0.134   0.618  M12/SH5/Shift2/XLXI_3 (M12/SH5/Shift2/XLXN_12)
     NAND3:I0->O           1   0.043   0.522  M12/SH5/Shift2/XLXI_2 (M12/SH5/Shift2/XLXN_13)
     NAND3:I2->O           3   0.134   0.534  M12/SH5/Shift2/XLXI_4 (M12/SH5/Shift2/XLXN_11)
     NAND3:I2->O           2   0.134   0.608  M12/SH5/Shift2/XLXI_5 (M12/SH5/Shift2/XLXN_22)
     NAND3:I1->O           1   0.053   0.613  M12/SH5/Shift2/XLXI_7 (M12/SH5/Shift2/Qn_DUMMY)
     NAND3:I0->O           5   0.043   0.545  M12/SH5/Shift2/XLXI_6 (XLXN_27<21>)
     AND3:I2->O            1   0.134   0.603  M12/SH5/SR3 (M12/SH5/RD3)
     OR4:I1->O             1   0.053   0.522  M12/SH5/GD3 (M12/SH5/D3)
     NAND3:I2->O           2   0.134   0.618  M12/SH5/Shift3/XLXI_3 (M12/SH5/Shift3/XLXN_12)
     NAND3:I0->O           1   0.043   0.522  M12/SH5/Shift3/XLXI_2 (M12/SH5/Shift3/XLXN_13)
     NAND3:I2->O           3   0.134   0.534  M12/SH5/Shift3/XLXI_4 (M12/SH5/Shift3/XLXN_11)
     NAND3:I2->O           2   0.134   0.608  M12/SH5/Shift3/XLXI_5 (M12/SH5/Shift3/XLXN_22)
     NAND3:I1->O           1   0.053   0.613  M12/SH5/Shift3/XLXI_7 (M12/SH5/Shift3/Qn_DUMMY)
     NAND3:I0->O           5   0.043   0.545  M12/SH5/Shift3/XLXI_6 (XLXN_27<20>)
     AND3:I2->O            1   0.134   0.603  M12/SH4/SR0 (M12/SH4/RD0)
     OR4:I1->O             1   0.053   0.522  M12/SH4/GD0 (M12/SH4/D0)
     NAND3:I2->O           2   0.134   0.618  M12/SH4/Shift0/XLXI_3 (M12/SH4/Shift0/XLXN_12)
     NAND3:I0->O           1   0.043   0.522  M12/SH4/Shift0/XLXI_2 (M12/SH4/Shift0/XLXN_13)
     NAND3:I2->O           3   0.134   0.534  M12/SH4/Shift0/XLXI_4 (M12/SH4/Shift0/XLXN_11)
     NAND3:I2->O           2   0.134   0.608  M12/SH4/Shift0/XLXI_5 (M12/SH4/Shift0/XLXN_22)
     NAND3:I1->O           1   0.053   0.613  M12/SH4/Shift0/XLXI_7 (M12/SH4/Shift0/Qn_DUMMY)
     NAND3:I0->O           5   0.043   0.545  M12/SH4/Shift0/XLXI_6 (XLXN_27<19>)
     AND3:I2->O            1   0.134   0.603  M12/SH4/SR1 (M12/SH4/RD1)
     OR4:I1->O             1   0.053   0.522  M12/SH4/GD1 (M12/SH4/D1)
     NAND3:I2->O           2   0.134   0.618  M12/SH4/Shift1/XLXI_3 (M12/SH4/Shift1/XLXN_12)
     NAND3:I0->O           1   0.043   0.522  M12/SH4/Shift1/XLXI_2 (M12/SH4/Shift1/XLXN_13)
     NAND3:I2->O           3   0.134   0.534  M12/SH4/Shift1/XLXI_4 (M12/SH4/Shift1/XLXN_11)
     NAND3:I2->O           2   0.134   0.608  M12/SH4/Shift1/XLXI_5 (M12/SH4/Shift1/XLXN_22)
     NAND3:I1->O           1   0.053   0.613  M12/SH4/Shift1/XLXI_7 (M12/SH4/Shift1/Qn_DUMMY)
     NAND3:I0->O           5   0.043   0.545  M12/SH4/Shift1/XLXI_6 (XLXN_27<18>)
     AND3:I2->O            1   0.134   0.603  M12/SH4/SR2 (M12/SH4/RD2)
     OR4:I1->O             1   0.053   0.522  M12/SH4/GD2 (M12/SH4/D2)
     NAND3:I2->O           2   0.134   0.618  M12/SH4/Shift2/XLXI_3 (M12/SH4/Shift2/XLXN_12)
     NAND3:I0->O           1   0.043   0.522  M12/SH4/Shift2/XLXI_2 (M12/SH4/Shift2/XLXN_13)
     NAND3:I2->O           3   0.134   0.534  M12/SH4/Shift2/XLXI_4 (M12/SH4/Shift2/XLXN_11)
     NAND3:I2->O           2   0.134   0.608  M12/SH4/Shift2/XLXI_5 (M12/SH4/Shift2/XLXN_22)
     NAND3:I1->O           1   0.053   0.613  M12/SH4/Shift2/XLXI_7 (M12/SH4/Shift2/Qn_DUMMY)
     NAND3:I0->O           5   0.043   0.545  M12/SH4/Shift2/XLXI_6 (XLXN_27<17>)
     AND3:I2->O            1   0.134   0.603  M12/SH4/SR3 (M12/SH4/RD3)
     OR4:I1->O             1   0.053   0.522  M12/SH4/GD3 (M12/SH4/D3)
     NAND3:I2->O           2   0.134   0.618  M12/SH4/Shift3/XLXI_3 (M12/SH4/Shift3/XLXN_12)
     NAND3:I0->O           1   0.043   0.522  M12/SH4/Shift3/XLXI_2 (M12/SH4/Shift3/XLXN_13)
     NAND3:I2->O           3   0.134   0.534  M12/SH4/Shift3/XLXI_4 (M12/SH4/Shift3/XLXN_11)
     NAND3:I2->O           2   0.134   0.608  M12/SH4/Shift3/XLXI_5 (M12/SH4/Shift3/XLXN_22)
     NAND3:I1->O           1   0.053   0.613  M12/SH4/Shift3/XLXI_7 (M12/SH4/Shift3/Qn_DUMMY)
     NAND3:I0->O           5   0.043   0.545  M12/SH4/Shift3/XLXI_6 (XLXN_27<16>)
     AND3:I2->O            1   0.134   0.603  M12/SH3/SR0 (M12/SH3/RD0)
     OR4:I1->O             1   0.053   0.522  M12/SH3/GD0 (M12/SH3/D0)
     NAND3:I2->O           2   0.134   0.618  M12/SH3/Shift0/XLXI_3 (M12/SH3/Shift0/XLXN_12)
     NAND3:I0->O           1   0.043   0.522  M12/SH3/Shift0/XLXI_2 (M12/SH3/Shift0/XLXN_13)
     NAND3:I2->O           3   0.134   0.534  M12/SH3/Shift0/XLXI_4 (M12/SH3/Shift0/XLXN_11)
     NAND3:I2->O           2   0.134   0.608  M12/SH3/Shift0/XLXI_5 (M12/SH3/Shift0/XLXN_22)
     NAND3:I1->O           1   0.053   0.613  M12/SH3/Shift0/XLXI_7 (M12/SH3/Shift0/Qn_DUMMY)
     NAND3:I0->O           5   0.043   0.545  M12/SH3/Shift0/XLXI_6 (XLXN_27<15>)
     AND3:I2->O            1   0.134   0.603  M12/SH3/SR1 (M12/SH3/RD1)
     OR4:I1->O             1   0.053   0.522  M12/SH3/GD1 (M12/SH3/D1)
     NAND3:I2->O           2   0.134   0.618  M12/SH3/Shift1/XLXI_3 (M12/SH3/Shift1/XLXN_12)
     NAND3:I0->O           1   0.043   0.522  M12/SH3/Shift1/XLXI_2 (M12/SH3/Shift1/XLXN_13)
     NAND3:I2->O           3   0.134   0.534  M12/SH3/Shift1/XLXI_4 (M12/SH3/Shift1/XLXN_11)
     NAND3:I2->O           2   0.134   0.608  M12/SH3/Shift1/XLXI_5 (M12/SH3/Shift1/XLXN_22)
     NAND3:I1->O           1   0.053   0.613  M12/SH3/Shift1/XLXI_7 (M12/SH3/Shift1/Qn_DUMMY)
     NAND3:I0->O           5   0.043   0.545  M12/SH3/Shift1/XLXI_6 (XLXN_27<14>)
     AND3:I2->O            1   0.134   0.603  M12/SH3/SR2 (M12/SH3/RD2)
     OR4:I1->O             1   0.053   0.522  M12/SH3/GD2 (M12/SH3/D2)
     NAND3:I2->O           2   0.134   0.618  M12/SH3/Shift2/XLXI_3 (M12/SH3/Shift2/XLXN_12)
     NAND3:I0->O           1   0.043   0.522  M12/SH3/Shift2/XLXI_2 (M12/SH3/Shift2/XLXN_13)
     NAND3:I2->O           3   0.134   0.534  M12/SH3/Shift2/XLXI_4 (M12/SH3/Shift2/XLXN_11)
     NAND3:I2->O           2   0.134   0.608  M12/SH3/Shift2/XLXI_5 (M12/SH3/Shift2/XLXN_22)
     NAND3:I1->O           1   0.053   0.613  M12/SH3/Shift2/XLXI_7 (M12/SH3/Shift2/Qn_DUMMY)
     NAND3:I0->O           5   0.043   0.545  M12/SH3/Shift2/XLXI_6 (XLXN_27<13>)
     AND3:I2->O            1   0.134   0.603  M12/SH3/SR3 (M12/SH3/RD3)
     OR4:I1->O             1   0.053   0.522  M12/SH3/GD3 (M12/SH3/D3)
     NAND3:I2->O           2   0.134   0.618  M12/SH3/Shift3/XLXI_3 (M12/SH3/Shift3/XLXN_12)
     NAND3:I0->O           1   0.043   0.522  M12/SH3/Shift3/XLXI_2 (M12/SH3/Shift3/XLXN_13)
     NAND3:I2->O           3   0.134   0.534  M12/SH3/Shift3/XLXI_4 (M12/SH3/Shift3/XLXN_11)
     NAND3:I2->O           2   0.134   0.608  M12/SH3/Shift3/XLXI_5 (M12/SH3/Shift3/XLXN_22)
     NAND3:I1->O           1   0.053   0.613  M12/SH3/Shift3/XLXI_7 (M12/SH3/Shift3/Qn_DUMMY)
     NAND3:I0->O           5   0.043   0.545  M12/SH3/Shift3/XLXI_6 (XLXN_27<12>)
     AND3:I2->O            1   0.134   0.603  M12/SH2/SR0 (M12/SH2/RD0)
     OR4:I1->O             1   0.053   0.522  M12/SH2/GD0 (M12/SH2/D0)
     NAND3:I2->O           2   0.134   0.618  M12/SH2/Shift0/XLXI_3 (M12/SH2/Shift0/XLXN_12)
     NAND3:I0->O           1   0.043   0.522  M12/SH2/Shift0/XLXI_2 (M12/SH2/Shift0/XLXN_13)
     NAND3:I2->O           3   0.134   0.534  M12/SH2/Shift0/XLXI_4 (M12/SH2/Shift0/XLXN_11)
     NAND3:I2->O           2   0.134   0.608  M12/SH2/Shift0/XLXI_5 (M12/SH2/Shift0/XLXN_22)
     NAND3:I1->O           1   0.053   0.613  M12/SH2/Shift0/XLXI_7 (M12/SH2/Shift0/Qn_DUMMY)
     NAND3:I0->O           5   0.043   0.545  M12/SH2/Shift0/XLXI_6 (XLXN_27<11>)
     AND3:I2->O            1   0.134   0.603  M12/SH2/SR1 (M12/SH2/RD1)
     OR4:I1->O             1   0.053   0.522  M12/SH2/GD1 (M12/SH2/D1)
     NAND3:I2->O           2   0.134   0.618  M12/SH2/Shift1/XLXI_3 (M12/SH2/Shift1/XLXN_12)
     NAND3:I0->O           1   0.043   0.522  M12/SH2/Shift1/XLXI_2 (M12/SH2/Shift1/XLXN_13)
     NAND3:I2->O           3   0.134   0.534  M12/SH2/Shift1/XLXI_4 (M12/SH2/Shift1/XLXN_11)
     NAND3:I2->O           2   0.134   0.608  M12/SH2/Shift1/XLXI_5 (M12/SH2/Shift1/XLXN_22)
     NAND3:I1->O           1   0.053   0.613  M12/SH2/Shift1/XLXI_7 (M12/SH2/Shift1/Qn_DUMMY)
     NAND3:I0->O           5   0.043   0.545  M12/SH2/Shift1/XLXI_6 (XLXN_27<10>)
     AND3:I2->O            1   0.134   0.603  M12/SH2/SR2 (M12/SH2/RD2)
     OR4:I1->O             1   0.053   0.522  M12/SH2/GD2 (M12/SH2/D2)
     NAND3:I2->O           2   0.134   0.618  M12/SH2/Shift2/XLXI_3 (M12/SH2/Shift2/XLXN_12)
     NAND3:I0->O           1   0.043   0.522  M12/SH2/Shift2/XLXI_2 (M12/SH2/Shift2/XLXN_13)
     NAND3:I2->O           3   0.134   0.534  M12/SH2/Shift2/XLXI_4 (M12/SH2/Shift2/XLXN_11)
     NAND3:I2->O           2   0.134   0.608  M12/SH2/Shift2/XLXI_5 (M12/SH2/Shift2/XLXN_22)
     NAND3:I1->O           1   0.053   0.613  M12/SH2/Shift2/XLXI_7 (M12/SH2/Shift2/Qn_DUMMY)
     NAND3:I0->O           5   0.043   0.545  M12/SH2/Shift2/XLXI_6 (XLXN_27<9>)
     AND3:I2->O            1   0.134   0.603  M12/SH2/SR3 (M12/SH2/RD3)
     OR4:I1->O             1   0.053   0.522  M12/SH2/GD3 (M12/SH2/D3)
     NAND3:I2->O           2   0.134   0.618  M12/SH2/Shift3/XLXI_3 (M12/SH2/Shift3/XLXN_12)
     NAND3:I0->O           1   0.043   0.522  M12/SH2/Shift3/XLXI_2 (M12/SH2/Shift3/XLXN_13)
     NAND3:I2->O           3   0.134   0.534  M12/SH2/Shift3/XLXI_4 (M12/SH2/Shift3/XLXN_11)
     NAND3:I2->O           2   0.134   0.608  M12/SH2/Shift3/XLXI_5 (M12/SH2/Shift3/XLXN_22)
     NAND3:I1->O           1   0.053   0.613  M12/SH2/Shift3/XLXI_7 (M12/SH2/Shift3/Qn_DUMMY)
     NAND3:I0->O           5   0.043   0.545  M12/SH2/Shift3/XLXI_6 (XLXN_27<8>)
     AND3:I2->O            1   0.134   0.603  M12/SH1/SR0 (M12/SH1/RD0)
     OR4:I1->O             1   0.053   0.522  M12/SH1/GD0 (M12/SH1/D0)
     NAND3:I2->O           2   0.134   0.618  M12/SH1/Shift0/XLXI_3 (M12/SH1/Shift0/XLXN_12)
     NAND3:I0->O           1   0.043   0.522  M12/SH1/Shift0/XLXI_2 (M12/SH1/Shift0/XLXN_13)
     NAND3:I2->O           3   0.134   0.534  M12/SH1/Shift0/XLXI_4 (M12/SH1/Shift0/XLXN_11)
     NAND3:I2->O           2   0.134   0.608  M12/SH1/Shift0/XLXI_5 (M12/SH1/Shift0/XLXN_22)
     NAND3:I1->O           1   0.053   0.613  M12/SH1/Shift0/XLXI_7 (M12/SH1/Shift0/Qn_DUMMY)
     NAND3:I0->O           5   0.043   0.545  M12/SH1/Shift0/XLXI_6 (XLXN_27<7>)
     AND3:I2->O            1   0.134   0.603  M12/SH1/SR1 (M12/SH1/RD1)
     OR4:I1->O             1   0.053   0.522  M12/SH1/GD1 (M12/SH1/D1)
     NAND3:I2->O           2   0.134   0.618  M12/SH1/Shift1/XLXI_3 (M12/SH1/Shift1/XLXN_12)
     NAND3:I0->O           1   0.043   0.522  M12/SH1/Shift1/XLXI_2 (M12/SH1/Shift1/XLXN_13)
     NAND3:I2->O           3   0.134   0.534  M12/SH1/Shift1/XLXI_4 (M12/SH1/Shift1/XLXN_11)
     NAND3:I2->O           2   0.134   0.608  M12/SH1/Shift1/XLXI_5 (M12/SH1/Shift1/XLXN_22)
     NAND3:I1->O           1   0.053   0.613  M12/SH1/Shift1/XLXI_7 (M12/SH1/Shift1/Qn_DUMMY)
     NAND3:I0->O           5   0.043   0.545  M12/SH1/Shift1/XLXI_6 (XLXN_27<6>)
     AND3:I2->O            1   0.134   0.603  M12/SH1/SR2 (M12/SH1/RD2)
     OR4:I1->O             1   0.053   0.522  M12/SH1/GD2 (M12/SH1/D2)
     NAND3:I2->O           2   0.134   0.618  M12/SH1/Shift2/XLXI_3 (M12/SH1/Shift2/XLXN_12)
     NAND3:I0->O           1   0.043   0.522  M12/SH1/Shift2/XLXI_2 (M12/SH1/Shift2/XLXN_13)
     NAND3:I2->O           3   0.134   0.534  M12/SH1/Shift2/XLXI_4 (M12/SH1/Shift2/XLXN_11)
     NAND3:I2->O           2   0.134   0.608  M12/SH1/Shift2/XLXI_5 (M12/SH1/Shift2/XLXN_22)
     NAND3:I1->O           1   0.053   0.613  M12/SH1/Shift2/XLXI_7 (M12/SH1/Shift2/Qn_DUMMY)
     NAND3:I0->O           5   0.043   0.545  M12/SH1/Shift2/XLXI_6 (XLXN_27<5>)
     AND3:I2->O            1   0.134   0.603  M12/SH1/SR3 (M12/SH1/RD3)
     OR4:I1->O             1   0.053   0.522  M12/SH1/GD3 (M12/SH1/D3)
     NAND3:I2->O           2   0.134   0.618  M12/SH1/Shift3/XLXI_3 (M12/SH1/Shift3/XLXN_12)
     NAND3:I0->O           1   0.043   0.522  M12/SH1/Shift3/XLXI_2 (M12/SH1/Shift3/XLXN_13)
     NAND3:I2->O           3   0.134   0.534  M12/SH1/Shift3/XLXI_4 (M12/SH1/Shift3/XLXN_11)
     NAND3:I2->O           2   0.134   0.608  M12/SH1/Shift3/XLXI_5 (M12/SH1/Shift3/XLXN_22)
     NAND3:I1->O           1   0.053   0.613  M12/SH1/Shift3/XLXI_7 (M12/SH1/Shift3/Qn_DUMMY)
     NAND3:I0->O           5   0.043   0.545  M12/SH1/Shift3/XLXI_6 (XLXN_27<4>)
     AND3:I2->O            1   0.134   0.603  M12/SH0/SR0 (M12/SH0/RD0)
     OR4:I1->O             1   0.053   0.522  M12/SH0/GD0 (M12/SH0/D0)
     NAND3:I2->O           2   0.134   0.618  M12/SH0/Shift0/XLXI_3 (M12/SH0/Shift0/XLXN_12)
     NAND3:I0->O           1   0.043   0.522  M12/SH0/Shift0/XLXI_2 (M12/SH0/Shift0/XLXN_13)
     NAND3:I2->O           3   0.134   0.534  M12/SH0/Shift0/XLXI_4 (M12/SH0/Shift0/XLXN_11)
     NAND3:I2->O           2   0.134   0.608  M12/SH0/Shift0/XLXI_5 (M12/SH0/Shift0/XLXN_22)
     NAND3:I1->O           1   0.053   0.613  M12/SH0/Shift0/XLXI_7 (M12/SH0/Shift0/Qn_DUMMY)
     NAND3:I0->O           5   0.043   0.545  M12/SH0/Shift0/XLXI_6 (XLXN_27<3>)
     AND3:I2->O            1   0.134   0.603  M12/SH0/SR1 (M12/SH0/RD1)
     OR4:I1->O             1   0.053   0.522  M12/SH0/GD1 (M12/SH0/D1)
     NAND3:I2->O           2   0.134   0.618  M12/SH0/Shift1/XLXI_3 (M12/SH0/Shift1/XLXN_12)
     NAND3:I0->O           1   0.043   0.522  M12/SH0/Shift1/XLXI_2 (M12/SH0/Shift1/XLXN_13)
     NAND3:I2->O           3   0.134   0.534  M12/SH0/Shift1/XLXI_4 (M12/SH0/Shift1/XLXN_11)
     NAND3:I2->O           2   0.134   0.608  M12/SH0/Shift1/XLXI_5 (M12/SH0/Shift1/XLXN_22)
     NAND3:I1->O           1   0.053   0.613  M12/SH0/Shift1/XLXI_7 (M12/SH0/Shift1/Qn_DUMMY)
     NAND3:I0->O           5   0.043   0.545  M12/SH0/Shift1/XLXI_6 (XLXN_27<2>)
     AND3:I2->O            1   0.134   0.603  M12/SH0/SR2 (M12/SH0/RD2)
     OR4:I1->O             1   0.053   0.522  M12/SH0/GD2 (M12/SH0/D2)
     NAND3:I2->O           2   0.134   0.618  M12/SH0/Shift2/XLXI_3 (M12/SH0/Shift2/XLXN_12)
     NAND3:I0->O           1   0.043   0.522  M12/SH0/Shift2/XLXI_2 (M12/SH0/Shift2/XLXN_13)
     NAND3:I2->O           3   0.134   0.534  M12/SH0/Shift2/XLXI_4 (M12/SH0/Shift2/XLXN_11)
     NAND3:I2->O           2   0.134   0.608  M12/SH0/Shift2/XLXI_5 (M12/SH0/Shift2/XLXN_22)
     NAND3:I1->O           1   0.053   0.613  M12/SH0/Shift2/XLXI_7 (M12/SH0/Shift2/Qn_DUMMY)
     NAND3:I0->O           5   0.043   0.545  M12/SH0/Shift2/XLXI_6 (XLXN_27<1>)
     AND3:I2->O            1   0.134   0.603  M12/SH0/SR3 (M12/SH0/RD3)
     OR4:I1->O             1   0.053   0.522  M12/SH0/GD3 (M12/SH0/D3)
     NAND3:I2->O           2   0.134   0.618  M12/SH0/Shift3/XLXI_3 (M12/SH0/Shift3/XLXN_12)
     NAND3:I0->O           1   0.043   0.522  M12/SH0/Shift3/XLXI_2 (M12/SH0/Shift3/XLXN_13)
     NAND3:I2->O           3   0.134   0.534  M12/SH0/Shift3/XLXI_4 (M12/SH0/Shift3/XLXN_11)
     NAND3:I2->O           2   0.134   0.608  M12/SH0/Shift3/XLXI_5 (M12/SH0/Shift3/XLXN_22)
     NAND3:I1->O           1   0.053   0.613  M12/SH0/Shift3/XLXI_7 (M12/SH0/Shift3/Qn_DUMMY)
     NAND3:I0->O           4   0.043   0.630  M12/SH0/Shift3/XLXI_6 (XLXN_27<0>)
     AND2:I0->O            1   0.043   0.522  M5/MUX1_DispData/XLXI_1/XLXI_2/XLXI_10 (M5/MUX1_DispData/XLXI_1/XLXI_2/XLXN_103)
     OR4:I2->O             1   0.134   0.613  M5/MUX1_DispData/XLXI_1/XLXI_2/XLXI_25 (M5/MUX1_DispData/XLXI_1/o1<0>)
     AND2:I0->O            1   0.043   0.603  M5/MUX1_DispData/XLXI_1/XLXI_6 (M5/MUX1_DispData/XLXI_1/XLXN_67)
     OR2:I1->O            14   0.053   0.411  M5/MUX1_DispData/XLXI_1/XLXI_21 (XLXN_22<0>)
     INV:I->O              6   0.317   0.641  M3/XLXI_2/HTS7/MSEG/XLXI_28 (M3/XLXI_2/HTS7/MSEG/XLXN_19)
     AND3:I0->O            2   0.043   0.608  M3/XLXI_2/HTS7/MSEG/XLXI_16 (M3/XLXI_2/HTS7/MSEG/XLXN_41)
     OR4:I1->O             1   0.053   0.603  M3/XLXI_2/HTS7/MSEG/XLXI_30 (M3/XLXI_2/HTS7/MSEG/XLXN_62)
     OR2:I1->O             1   0.053   0.613  M3/XLXI_2/HTS7/MSEG/XLXI_38 (M3/XLXN_34<62>)
     AND2:I0->O            1   0.043   0.603  M3/XLXI_3/XLXI_8/XLXI_33 (M3/XLXI_3/XLXI_8/XLXN_71)
     OR2:I1->O             1   0.053   0.613  M3/XLXI_3/XLXI_8/XLXI_43 (M3/XLXN_39<62>)
     begin scope: 'M3/XLXI_1:P_Data<62>'
     LUT6:I0->O            1   0.043   0.000  buffer_62_rstpot (buffer_62_rstpot)
     FD:D                     -0.000          buffer_62
    ----------------------------------------
    Total                    176.991ns (24.518ns logic, 152.473ns route)
                                       (13.9% logic, 86.1% route)

=========================================================================
Timing constraint: Default period analysis for Clock 'M2/pulse_out<3>'
  Clock period: 11.066ns (frequency: 90.366MHz)
  Total number of paths / destination ports: 311040 / 256
-------------------------------------------------------------------------
Delay:               11.066ns (Levels of Logic = 18)
  Source:            M10/R3/Q_0 (FF)
  Destination:       M10/R0/Q_31 (FF)
  Source Clock:      M2/pulse_out<3> rising
  Destination Clock: M2/pulse_out<3> rising

  Data Path: M10/R3/Q_0 to M10/R0/Q_31
                                Gate     Net
    Cell:in->out      fanout   Delay   Delay  Logical Name (Net Name)
    ----------------------------------------  ------------
     FDCE:C->Q             2   0.236   0.618  M10/R3/Q_0 (M10/R3/Q_0)
     AND2:I0->O            1   0.043   0.613  M10/MUX_REGB/XLXI_1/XLXI_1/XLXI_12 (M10/MUX_REGB/XLXI_1/XLXI_1/XLXN_107)
     OR4:I0->O             1   0.043   0.613  M10/MUX_REGB/XLXI_1/XLXI_1/XLXI_25 (M10/MUX_REGB/XLXI_1/o0<0>)
     AND2:I0->O            1   0.043   0.613  M10/MUX_REGB/XLXI_1/XLXI_5 (M10/MUX_REGB/XLXI_1/XLXN_66)
     OR2:I0->O             8   0.043   0.389  M10/MUX_REGB/XLXI_1/XLXI_21 (XLXN_30<0>)
     LUT2:I1->O            2   0.043   0.527  M8/Mxor_Bo_0_xo<0>1 (M8/Bo<0>)
     LUT6:I2->O            1   0.043   0.613  M8/ADD_32/XLXI_23/XLXI_5/out8_SW0 (N11)
     LUT6:I0->O            4   0.043   0.539  M8/ADD_32/XLXI_23/XLXI_5/out8 (M8/ADD_32/XLXN_35)
     LUT6:I2->O            1   0.043   0.350  M8/ADD_32/XLXI_26/out53 (M8/ADD_32/XLXI_26/out52)
     LUT6:I5->O            1   0.043   0.613  M8/ADD_32/XLXI_26/out54 (M8/ADD_32/XLXN_49)
     OR2:I0->O             7   0.043   0.529  M8/ADD_32/XLXI_13 (M8/ADD_32/XLXN_65)
     LUT5:I2->O            5   0.043   0.373  M8/ADD_32/XLXI_25/out31 (M8/ADD_32/XLXN_62)
     LUT6:I5->O            3   0.043   0.417  M8/ADD_32/XLXI_25/out4 (M8/ADD_32/XLXN_63)
     LUT6:I4->O            1   0.043   0.405  M8/ADD_32/XLXI_16/XLXI_5/out31 (M8/ADD_32/XLXI_16/XLXN_22)
     LUT6:I4->O            2   0.043   0.618  M8/ADD_32/XLXI_16/A0/Mxor_si_xo<0>1 (M8/Sum<31>)
     AND2:I0->O            1   0.043   0.603  M8/MUX1/MUX1_DispData/XLXI_10/XLXI_4/XLXI_23 (M8/MUX1/MUX1_DispData/XLXI_10/XLXI_4/XLXN_118)
     OR4:I1->O             1   0.053   0.613  M8/MUX1/MUX1_DispData/XLXI_10/XLXI_4/XLXI_28 (M8/MUX1/MUX1_DispData/XLXI_10/o3<3>)
     AND2:I0->O            1   0.043   0.603  M8/MUX1/MUX1_DispData/XLXI_10/XLXI_20 (M8/MUX1/MUX1_DispData/XLXI_10/XLXN_81)
     OR2:I1->O             9   0.053   0.384  M8/MUX1/MUX1_DispData/XLXI_10/XLXI_28 (XLXN_70<31>)
     FDCE:D                   -0.000          M10/R7/Q_31
    ----------------------------------------
    Total                     11.066ns (1.030ns logic, 10.036ns route)
                                       (9.3% logic, 90.7% route)

=========================================================================
Timing constraint: Default period analysis for Clock 'M1/clkdiv_26'
  Clock period: 2.572ns (frequency: 388.727MHz)
  Total number of paths / destination ports: 1099 / 37
-------------------------------------------------------------------------
Delay:               2.572ns (Levels of Logic = 3)
  Source:            M9/XLXI_15 (FF)
  Destination:       M9/XLXI_18 (FF)
  Source Clock:      M1/clkdiv_26 rising
  Destination Clock: M1/clkdiv_26 rising

  Data Path: M9/XLXI_15 to M9/XLXI_18
                                Gate     Net
    Cell:in->out      fanout   Delay   Delay  Logical Name (Net Name)
    ----------------------------------------  ------------
     FD:C->Q               3   0.236   0.351  M9/XLXI_15 (Qa)
     INV:I->O              4   0.317   0.630  M9/XLXI_8 (M9/XLXN_13)
     NOR3:I0->O            1   0.043   0.603  M9/XLXI_13 (M9/XLXN_19)
     XNOR2:I1->O           1   0.053   0.339  M9/XLXI_21 (M9/XLXN_4)
     FD:D                     -0.000          M9/XLXI_18
    ----------------------------------------
    Total                      2.572ns (0.649ns logic, 1.923ns route)
                                       (25.2% logic, 74.8% route)

=========================================================================
Timing constraint: Default period analysis for Clock 'M2/clk1'
  Clock period: 2.152ns (frequency: 464.587MHz)
  Total number of paths / destination ports: 1454 / 90
-------------------------------------------------------------------------
Delay:               2.152ns (Levels of Logic = 7)
  Source:            M2/counter_8 (FF)
  Destination:       M2/Key_x_0 (FF)
  Source Clock:      M2/clk1 rising
  Destination Clock: M2/clk1 rising

  Data Path: M2/counter_8 to M2/Key_x_0
                                Gate     Net
    Cell:in->out      fanout   Delay   Delay  Logical Name (Net Name)
    ----------------------------------------  ------------
     FDRE:C->Q             3   0.236   0.615  counter_8 (counter<8>)
     LUT5:I0->O            1   0.043   0.000  Mcompar_counter[31]_GND_1_o_LessThan_5_o_lut<0> (Mcompar_counter[31]_GND_1_o_LessThan_5_o_lut<0>)
     MUXCY:S->O            1   0.238   0.000  Mcompar_counter[31]_GND_1_o_LessThan_5_o_cy<0> (Mcompar_counter[31]_GND_1_o_LessThan_5_o_cy<0>)
     MUXCY:CI->O           1   0.013   0.000  Mcompar_counter[31]_GND_1_o_LessThan_5_o_cy<1> (Mcompar_counter[31]_GND_1_o_LessThan_5_o_cy<1>)
     MUXCY:CI->O           1   0.013   0.000  Mcompar_counter[31]_GND_1_o_LessThan_5_o_cy<2> (Mcompar_counter[31]_GND_1_o_LessThan_5_o_cy<2>)
     MUXCY:CI->O           1   0.013   0.000  Mcompar_counter[31]_GND_1_o_LessThan_5_o_cy<3> (Mcompar_counter[31]_GND_1_o_LessThan_5_o_cy<3>)
     MUXCY:CI->O           8   0.013   0.378  Mcompar_counter[31]_GND_1_o_LessThan_5_o_cy<4> (Mcompar_counter[31]_GND_1_o_LessThan_5_o_cy<4>)
     INV:I->O              7   0.054   0.373  _n0225_inv1_cepot_INV_0 (_n0225_inv1_cepot)
     FDE:CE                    0.161          Key_x_0
    ----------------------------------------
    Total                      2.152ns (0.786ns logic, 1.366ns route)
                                       (36.5% logic, 63.5% route)

=========================================================================
Timing constraint: Default period analysis for Clock 'M4/push'
  Clock period: 1.069ns (frequency: 935.060MHz)
  Total number of paths / destination ports: 6 / 3
-------------------------------------------------------------------------
Delay:               1.069ns (Levels of Logic = 1)
  Source:            M4/state_0 (FF)
  Destination:       M4/state_0 (FF)
  Source Clock:      M4/push rising
  Destination Clock: M4/push rising

  Data Path: M4/state_0 to M4/state_0
                                Gate     Net
    Cell:in->out      fanout   Delay   Delay  Logical Name (Net Name)
    ----------------------------------------  ------------
     FDE:C->Q             19   0.236   0.440  state_0 (state<0>)
     INV:I->O              1   0.054   0.339  Result<0>1_INV_0 (Result<0>)
     FDE:D                    -0.000          state_0
    ----------------------------------------
    Total                      1.069ns (0.290ns logic, 0.779ns route)
                                       (27.1% logic, 72.9% route)

=========================================================================
Timing constraint: Default OFFSET IN BEFORE for Clock 'clk_100mhz'
  Total number of paths / destination ports: 1195 / 100
-------------------------------------------------------------------------
Offset:              2.089ns (Levels of Logic = 10)
  Source:            SW<2> (PAD)
  Destination:       M2/SW_OK_0 (FF)
  Destination Clock: clk_100mhz rising

  Data Path: SW<2> to M2/SW_OK_0
                                Gate     Net
    Cell:in->out      fanout   Delay   Delay  Logical Name (Net Name)
    ----------------------------------------  ------------
     IBUF:I->O             3   0.000   0.625  SW_2_IBUF (SW_2_IBUF)
     begin scope: 'M2:SW<2>'
     LUT6:I0->O            1   0.043   0.000  Mcompar_sw_temp[15]_SW[15]_not_equal_100_o_lut<0> (Mcompar_sw_temp[15]_SW[15]_not_equal_100_o_lut<0>)
     MUXCY:S->O            1   0.238   0.000  Mcompar_sw_temp[15]_SW[15]_not_equal_100_o_cy<0> (Mcompar_sw_temp[15]_SW[15]_not_equal_100_o_cy<0>)
     MUXCY:CI->O           1   0.013   0.000  Mcompar_sw_temp[15]_SW[15]_not_equal_100_o_cy<1> (Mcompar_sw_temp[15]_SW[15]_not_equal_100_o_cy<1>)
     MUXCY:CI->O           1   0.013   0.000  Mcompar_sw_temp[15]_SW[15]_not_equal_100_o_cy<2> (Mcompar_sw_temp[15]_SW[15]_not_equal_100_o_cy<2>)
     MUXCY:CI->O           1   0.013   0.000  Mcompar_sw_temp[15]_SW[15]_not_equal_100_o_cy<3> (Mcompar_sw_temp[15]_SW[15]_not_equal_100_o_cy<3>)
     MUXCY:CI->O           1   0.013   0.000  Mcompar_sw_temp[15]_SW[15]_not_equal_100_o_cy<4> (Mcompar_sw_temp[15]_SW[15]_not_equal_100_o_cy<4>)
     MUXCY:CI->O          43   0.013   0.471  Mcompar_sw_temp[15]_SW[15]_not_equal_100_o_cy<5> (sw_temp[15]_SW[15]_not_equal_100_o)
     INV:I->O             17   0.054   0.429  _n0243_inv1_cepot_cepot_INV_0 (_n0243_inv1_cepot_cepot)
     FDE:CE                    0.161          SW_OK_0
    ----------------------------------------
    Total                      2.089ns (0.563ns logic, 1.525ns route)
                                       (27.0% logic, 73.0% route)

=========================================================================
Timing constraint: Default OFFSET IN BEFORE for Clock 'M2/clk1'
  Total number of paths / destination ports: 176 / 41
-------------------------------------------------------------------------
Offset:              2.109ns (Levels of Logic = 6)
  Source:            K_COL<3> (PAD)
  Destination:       M2/Key_x_1 (FF)
  Destination Clock: M2/clk1 rising

  Data Path: K_COL<3> to M2/Key_x_1
                                Gate     Net
    Cell:in->out      fanout   Delay   Delay  Logical Name (Net Name)
    ----------------------------------------  ------------
     IBUF:I->O             6   0.000   0.550  K_COL_3_IBUF (K_COL_3_IBUF)
     begin scope: 'M2:Key_y<3>'
     LUT4:I0->O           12   0.043   0.674  out1 (n0016)
     LUT6:I0->O            3   0.043   0.362  _n0295<0>1 (_n0295<0>)
     LUT6:I5->O            1   0.043   0.350  Key_x[4]_PWR_1_o_select_74_OUT<1>1 (Key_x[4]_PWR_1_o_select_74_OUT<4>)
     LUT3:I2->O            1   0.043   0.000  Key_x_4_dpot (Key_x_4_dpot)
     FDE:D                    -0.000          Key_x_4
    ----------------------------------------
    Total                      2.109ns (0.172ns logic, 1.937ns route)
                                       (8.2% logic, 91.8% route)

=========================================================================
Timing constraint: Default OFFSET OUT AFTER for Clock 'M2/clk1'
  Total number of paths / destination ports: 6 / 6
-------------------------------------------------------------------------
Offset:              0.658ns (Levels of Logic = 2)
  Source:            M2/Key_x_4 (FF)
  Destination:       K_ROW<4> (PAD)
  Source Clock:      M2/clk1 rising

  Data Path: M2/Key_x_4 to K_ROW<4>
                                Gate     Net
    Cell:in->out      fanout   Delay   Delay  Logical Name (Net Name)
    ----------------------------------------  ------------
     FDE:C->Q             16   0.236   0.422  Key_x_4 (Key_x<4>)
     end scope: 'M2:Key_x<4>'
     OBUF:I->O                 0.000          K_ROW_4_OBUF (K_ROW<4>)
    ----------------------------------------
    Total                      0.658ns (0.236ns logic, 0.422ns route)
                                       (35.8% logic, 64.2% route)

=========================================================================
Timing constraint: Default OFFSET OUT AFTER for Clock 'clk_100mhz'
  Total number of paths / destination ports: 8 / 8
-------------------------------------------------------------------------
Offset:              0.625ns (Levels of Logic = 2)
  Source:            M3/XLXI_1/s_clk (FF)
  Destination:       SEGCLK (PAD)
  Source Clock:      clk_100mhz rising

  Data Path: M3/XLXI_1/s_clk to SEGCLK
                                Gate     Net
    Cell:in->out      fanout   Delay   Delay  Logical Name (Net Name)
    ----------------------------------------  ------------
     FDC:C->Q             10   0.236   0.389  s_clk (s_clk)
     end scope: 'M3/XLXI_1:s_clk'
     OBUF:I->O                 0.000          SEGCLK_OBUF (SEGCLK)
    ----------------------------------------
    Total                      0.625ns (0.236ns logic, 0.389ns route)
                                       (37.7% logic, 62.3% route)

=========================================================================

Cross Clock Domains Report:
--------------------------

Clock to Setup on destination clock M1/clkdiv_26
---------------+---------+---------+---------+---------+
               | Src:Rise| Src:Fall| Src:Rise| Src:Fall|
Source Clock   |Dest:Rise|Dest:Rise|Dest:Fall|Dest:Fall|
---------------+---------+---------+---------+---------+
M1/clkdiv_26   |    2.572|         |         |         |
M2/clk1        |    2.367|         |         |         |
clk_100mhz     |    2.224|         |         |         |
---------------+---------+---------+---------+---------+

Clock to Setup on destination clock M2/clk1
---------------+---------+---------+---------+---------+
               | Src:Rise| Src:Fall| Src:Rise| Src:Fall|
Source Clock   |Dest:Rise|Dest:Rise|Dest:Fall|Dest:Fall|
---------------+---------+---------+---------+---------+
M2/clk1        |    2.152|         |         |         |
clk_100mhz     |    1.292|         |         |         |
---------------+---------+---------+---------+---------+

Clock to Setup on destination clock M2/pulse_out<3>
---------------+---------+---------+---------+---------+
               | Src:Rise| Src:Fall| Src:Rise| Src:Fall|
Source Clock   |Dest:Rise|Dest:Rise|Dest:Fall|Dest:Fall|
---------------+---------+---------+---------+---------+
M2/pulse_out<3>|   11.066|         |         |         |
clk_100mhz     |   12.529|         |         |         |
---------------+---------+---------+---------+---------+

Clock to Setup on destination clock M4/push
---------------+---------+---------+---------+---------+
               | Src:Rise| Src:Fall| Src:Rise| Src:Fall|
Source Clock   |Dest:Rise|Dest:Rise|Dest:Fall|Dest:Fall|
---------------+---------+---------+---------+---------+
M2/clk1        |    0.939|         |         |         |
M4/push        |    1.069|         |         |         |
clk_100mhz     |    1.336|         |         |         |
---------------+---------+---------+---------+---------+

Clock to Setup on destination clock clk_100mhz
---------------+---------+---------+---------+---------+
               | Src:Rise| Src:Fall| Src:Rise| Src:Fall|
Source Clock   |Dest:Rise|Dest:Rise|Dest:Fall|Dest:Fall|
---------------+---------+---------+---------+---------+
M1/clkdiv_26   |    7.583|         |    1.916|         |
M2/clk1        |  177.796|         |         |         |
M2/pulse_out<3>|   18.056|         |    7.841|         |
M4/push        |    6.730|         |         |         |
clk_100mhz     |  176.991|    1.289|    9.304|         |
---------------+---------+---------+---------+---------+

=========================================================================


Total REAL time to Xst completion: 37.00 secs
Total CPU time to Xst completion: 37.23 secs
 
--> 

Total memory usage is 449160 kilobytes

Number of errors   :    0 (   0 filtered)
Number of warnings :  165 (   0 filtered)
Number of infos    :   15 (   0 filtered)

