--------------------------------------------------------------------------------
Release 14.7 Trace  (nt64)
Copyright (c) 1995-2013 Xilinx, Inc.  All rights reserved.

D:\Software\14.7\ISE_DS\ISE\bin\nt64\unwrapped\trce.exe -intstyle ise -v 3 -s
2L -n 3 -fastpaths -xml MUX8T1_32.twx MUX8T1_32.ncd -o MUX8T1_32.twr
MUX8T1_32.pcf

Design file:              MUX8T1_32.ncd
Physical constraint file: MUX8T1_32.pcf
Device,package,speed:     xc7k160t,ffg676,C,-2L (PRODUCTION 1.10 2013-10-13)
Report level:             verbose report

Environment Variable      Effect 
--------------------      ------ 
NONE                      No environment variables were set
--------------------------------------------------------------------------------

INFO:Timing:2698 - No timing constraints found, doing default enumeration.
INFO:Timing:3412 - To improve timing, see the Timing Closure User Guide (UG612).
INFO:Timing:2752 - To get complete path coverage, use the unconstrained paths 
   option. All paths that are not constrained will be reported in the 
   unconstrained paths section(s) of the report.
INFO:Timing:3339 - The clock-to-out numbers in this timing report are based on 
   a 50 Ohm transmission line loading model.  For the details of this model, 
   and for more information on accounting for different loading conditions, 
   please see the device datasheet.



Data Sheet report:
-----------------
All values displayed in nanoseconds (ns)

Pad to Pad
---------------+---------------+---------+
Source Pad     |Destination Pad|  Delay  |
---------------+---------------+---------+
I0<1>          |o<1>           |    7.112|
I0<2>          |o<2>           |    7.108|
I0<3>          |o<0>           |    7.350|
I0<3>          |o<3>           |    7.007|
I0<4>          |o<4>           |    8.025|
I0<5>          |o<5>           |    8.599|
I0<6>          |o<6>           |    8.660|
I0<7>          |o<7>           |    7.993|
I0<9>          |o<9>           |    8.384|
I0<10>         |o<10>          |    8.096|
I0<11>         |o<8>           |    9.081|
I0<11>         |o<11>          |    8.395|
I0<12>         |o<12>          |    8.703|
I0<13>         |o<13>          |    7.965|
I0<14>         |o<14>          |    8.302|
I0<15>         |o<15>          |    8.611|
I0<17>         |o<17>          |    8.855|
I0<18>         |o<18>          |    8.699|
I0<19>         |o<16>          |    8.750|
I0<19>         |o<19>          |    8.590|
I0<20>         |o<20>          |    8.544|
I0<21>         |o<21>          |    8.846|
I0<22>         |o<22>          |    8.846|
I0<23>         |o<23>          |    9.234|
I0<25>         |o<25>          |    8.733|
I0<26>         |o<26>          |    9.083|
I0<27>         |o<24>          |    9.191|
I0<27>         |o<27>          |    9.035|
I0<28>         |o<28>          |    8.819|
I0<29>         |o<29>          |    9.002|
I0<30>         |o<30>          |    8.885|
I0<31>         |o<31>          |    8.791|
I1<1>          |o<1>           |    7.320|
I1<2>          |o<2>           |    7.015|
I1<3>          |o<0>           |    7.254|
I1<3>          |o<3>           |    6.911|
I1<4>          |o<4>           |    8.120|
I1<5>          |o<5>           |    8.859|
I1<6>          |o<6>           |    8.454|
I1<7>          |o<7>           |    7.983|
I1<9>          |o<9>           |    8.328|
I1<10>         |o<10>          |    7.919|
I1<11>         |o<8>           |    8.418|
I1<11>         |o<11>          |    7.732|
I1<12>         |o<12>          |    8.548|
I1<13>         |o<13>          |    8.105|
I1<14>         |o<14>          |    8.420|
I1<15>         |o<15>          |    8.170|
I1<17>         |o<17>          |    9.043|
I1<18>         |o<18>          |    8.043|
I1<19>         |o<16>          |    8.625|
I1<19>         |o<19>          |    8.465|
I1<20>         |o<20>          |    7.860|
I1<21>         |o<21>          |    8.257|
I1<22>         |o<22>          |    8.283|
I1<23>         |o<23>          |    8.477|
I1<25>         |o<25>          |    7.977|
I1<26>         |o<26>          |    8.365|
I1<27>         |o<24>          |    8.200|
I1<27>         |o<27>          |    8.044|
I1<28>         |o<28>          |    8.107|
I1<29>         |o<29>          |    8.317|
I1<30>         |o<30>          |    8.153|
I1<31>         |o<31>          |    7.969|
I2<1>          |o<1>           |    8.953|
I2<2>          |o<2>           |    8.895|
I2<3>          |o<0>           |    8.779|
I2<3>          |o<3>           |    8.436|
I2<4>          |o<4>           |    8.236|
I2<5>          |o<5>           |    9.098|
I2<6>          |o<6>           |    8.837|
I2<7>          |o<7>           |    8.640|
I2<9>          |o<9>           |    9.085|
I2<10>         |o<10>          |    8.747|
I2<11>         |o<8>           |    9.107|
I2<11>         |o<11>          |    8.421|
I2<12>         |o<12>          |    9.208|
I2<13>         |o<13>          |    8.419|
I2<14>         |o<14>          |    8.691|
I2<15>         |o<15>          |    9.196|
I2<17>         |o<17>          |    9.565|
I2<18>         |o<18>          |    9.132|
I2<19>         |o<16>          |    9.033|
I2<19>         |o<19>          |    8.873|
I2<20>         |o<20>          |    8.854|
I2<21>         |o<21>          |    8.977|
I2<22>         |o<22>          |    9.189|
I2<23>         |o<23>          |    9.025|
I2<25>         |o<25>          |    8.978|
I2<26>         |o<26>          |    9.147|
I2<27>         |o<24>          |    8.999|
I2<27>         |o<27>          |    8.843|
I2<28>         |o<28>          |    8.784|
I2<29>         |o<29>          |    8.936|
I2<30>         |o<30>          |    8.785|
I2<31>         |o<31>          |    9.157|
I3<1>          |o<1>           |    9.491|
I3<2>          |o<2>           |    9.315|
I3<3>          |o<0>           |    9.086|
I3<3>          |o<3>           |    8.743|
I3<4>          |o<4>           |    9.483|
I3<5>          |o<5>           |   10.013|
I3<6>          |o<6>           |    9.906|
I3<7>          |o<7>           |    9.378|
I3<9>          |o<9>           |   10.092|
I3<10>         |o<10>          |    9.531|
I3<11>         |o<8>           |   10.175|
I3<11>         |o<11>          |    9.489|
I3<12>         |o<12>          |   10.129|
I3<13>         |o<13>          |    9.297|
I3<14>         |o<14>          |    9.867|
I3<15>         |o<15>          |    9.876|
I3<17>         |o<17>          |   10.089|
I3<18>         |o<18>          |    9.744|
I3<19>         |o<16>          |   10.161|
I3<19>         |o<19>          |   10.001|
I3<20>         |o<20>          |    9.718|
I3<21>         |o<21>          |   10.511|
I3<22>         |o<22>          |   10.210|
I3<23>         |o<23>          |   10.472|
I3<25>         |o<25>          |   10.060|
I3<26>         |o<26>          |   10.351|
I3<27>         |o<24>          |    9.938|
I3<27>         |o<27>          |    9.782|
I3<28>         |o<28>          |   10.024|
I3<29>         |o<29>          |   10.084|
I3<30>         |o<30>          |    9.830|
I3<31>         |o<31>          |   10.019|
I4<0>          |o<0>           |    8.250|
I4<1>          |o<1>           |    8.127|
I4<2>          |o<2>           |    8.261|
I4<3>          |o<3>           |    8.315|
I4<4>          |o<4>           |    7.974|
I4<5>          |o<5>           |    8.087|
I4<6>          |o<6>           |    8.100|
I4<7>          |o<7>           |    7.765|
I4<8>          |o<8>           |    7.988|
I4<9>          |o<9>           |    8.192|
I4<10>         |o<10>          |    7.909|
I4<11>         |o<11>          |    8.065|
I4<12>         |o<12>          |    8.342|
I4<13>         |o<13>          |    8.150|
I4<14>         |o<14>          |    7.729|
I4<15>         |o<15>          |    7.755|
I4<16>         |o<16>          |    8.166|
I4<17>         |o<17>          |    8.195|
I4<18>         |o<18>          |    8.316|
I4<19>         |o<19>          |    8.276|
I4<20>         |o<20>          |    8.273|
I4<21>         |o<21>          |    8.379|
I4<22>         |o<22>          |    8.267|
I4<23>         |o<23>          |    8.430|
I4<24>         |o<24>          |    7.899|
I4<25>         |o<25>          |    8.034|
I4<26>         |o<26>          |    8.424|
I4<27>         |o<27>          |    8.467|
I4<28>         |o<28>          |    7.847|
I4<29>         |o<29>          |    7.638|
I4<30>         |o<30>          |    8.023|
I4<31>         |o<31>          |    6.823|
I5<0>          |o<0>           |    8.511|
I5<1>          |o<1>           |    8.454|
I5<2>          |o<2>           |    8.028|
I5<3>          |o<3>           |    8.209|
I5<4>          |o<4>           |    7.241|
I5<5>          |o<5>           |    7.526|
I5<6>          |o<6>           |    7.396|
I5<7>          |o<7>           |    7.530|
I5<8>          |o<8>           |    7.911|
I5<9>          |o<9>           |    7.901|
I5<10>         |o<10>          |    7.974|
I5<11>         |o<11>          |    8.230|
I5<12>         |o<12>          |    7.789|
I5<13>         |o<13>          |    7.753|
I5<14>         |o<14>          |    8.223|
I5<15>         |o<15>          |    8.525|
I5<16>         |o<16>          |    8.228|
I5<17>         |o<17>          |    8.790|
I5<18>         |o<18>          |    7.808|
I5<19>         |o<19>          |    7.688|
I5<20>         |o<20>          |    8.020|
I5<21>         |o<21>          |    8.185|
I5<22>         |o<22>          |    8.287|
I5<23>         |o<23>          |    8.279|
I5<24>         |o<24>          |    7.941|
I5<25>         |o<25>          |    8.162|
I5<26>         |o<26>          |    7.800|
I5<27>         |o<27>          |    8.151|
I5<28>         |o<28>          |    8.469|
I5<29>         |o<29>          |    8.245|
I5<30>         |o<30>          |    7.954|
I5<31>         |o<31>          |    7.632|
I6<0>          |o<0>           |    7.452|
I6<1>          |o<1>           |    7.286|
I6<2>          |o<2>           |    7.126|
I6<3>          |o<3>           |    7.104|
I6<4>          |o<4>           |    7.680|
I6<5>          |o<5>           |    7.345|
I6<6>          |o<6>           |    7.475|
I6<7>          |o<7>           |    7.262|
I6<8>          |o<8>           |    7.174|
I6<9>          |o<9>           |    7.287|
I6<10>         |o<10>          |    6.896|
I6<11>         |o<11>          |    6.741|
I6<12>         |o<12>          |    6.799|
I6<13>         |o<13>          |    6.603|
I6<14>         |o<14>          |    6.933|
I6<15>         |o<15>          |    6.780|
I6<16>         |o<16>          |    7.596|
I6<17>         |o<17>          |    7.696|
I6<18>         |o<18>          |    7.685|
I6<19>         |o<19>          |    7.457|
I6<20>         |o<20>          |    7.809|
I6<21>         |o<21>          |    8.142|
I6<22>         |o<22>          |    8.174|
I6<23>         |o<23>          |    8.432|
I6<24>         |o<24>          |    6.920|
I6<25>         |o<25>          |    6.761|
I6<26>         |o<26>          |    6.907|
I6<27>         |o<27>          |    7.001|
I6<28>         |o<28>          |    7.330|
I6<29>         |o<29>          |    6.846|
I6<30>         |o<30>          |    6.943|
I6<31>         |o<31>          |    7.070|
I7<0>          |o<0>           |    9.064|
I7<1>          |o<1>           |    9.128|
I7<2>          |o<2>           |    9.260|
I7<3>          |o<3>           |    8.553|
I7<4>          |o<4>           |    8.942|
I7<5>          |o<5>           |    8.748|
I7<6>          |o<6>           |    8.925|
I7<7>          |o<7>           |    8.715|
I7<8>          |o<8>           |    9.199|
I7<9>          |o<9>           |    8.616|
I7<10>         |o<10>          |    8.386|
I7<11>         |o<11>          |    7.996|
I7<12>         |o<12>          |    8.503|
I7<13>         |o<13>          |    8.032|
I7<14>         |o<14>          |    8.574|
I7<15>         |o<15>          |    8.553|
I7<16>         |o<16>          |    9.457|
I7<17>         |o<17>          |    9.449|
I7<18>         |o<18>          |    9.228|
I7<19>         |o<19>          |    9.290|
I7<20>         |o<20>          |    9.214|
I7<21>         |o<21>          |    9.614|
I7<22>         |o<22>          |    9.442|
I7<23>         |o<23>          |    9.548|
I7<24>         |o<24>          |    8.619|
I7<25>         |o<25>          |    9.107|
I7<26>         |o<26>          |    9.181|
I7<27>         |o<27>          |    9.101|
I7<28>         |o<28>          |    8.588|
I7<29>         |o<29>          |    8.803|
I7<30>         |o<30>          |    8.797|
I7<31>         |o<31>          |    8.847|
s<0>           |o<0>           |   13.063|
s<0>           |o<1>           |   13.740|
s<0>           |o<2>           |   13.314|
s<0>           |o<3>           |   12.720|
s<0>           |o<4>           |   13.526|
s<0>           |o<5>           |   13.495|
s<0>           |o<6>           |   14.041|
s<0>           |o<7>           |   12.763|
s<0>           |o<8>           |   13.330|
s<0>           |o<9>           |   13.606|
s<0>           |o<10>          |   12.954|
s<0>           |o<11>          |   12.644|
s<0>           |o<12>          |   13.758|
s<0>           |o<13>          |   12.565|
s<0>           |o<14>          |   12.963|
s<0>           |o<15>          |   13.066|
s<0>           |o<16>          |   13.742|
s<0>           |o<17>          |   13.943|
s<0>           |o<18>          |   13.843|
s<0>           |o<19>          |   13.582|
s<0>           |o<20>          |   13.703|
s<0>           |o<21>          |   14.235|
s<0>           |o<22>          |   14.294|
s<0>           |o<23>          |   14.371|
s<0>           |o<24>          |   14.020|
s<0>           |o<25>          |   13.789|
s<0>           |o<26>          |   13.989|
s<0>           |o<27>          |   13.864|
s<0>           |o<28>          |   13.932|
s<0>           |o<29>          |   13.923|
s<0>           |o<30>          |   14.025|
s<0>           |o<31>          |   13.810|
s<1>           |o<0>           |   12.451|
s<1>           |o<1>           |   13.128|
s<1>           |o<2>           |   12.702|
s<1>           |o<3>           |   12.108|
s<1>           |o<4>           |   12.994|
s<1>           |o<5>           |   12.963|
s<1>           |o<6>           |   13.509|
s<1>           |o<7>           |   12.231|
s<1>           |o<8>           |   12.939|
s<1>           |o<9>           |   13.215|
s<1>           |o<10>          |   12.563|
s<1>           |o<11>          |   12.253|
s<1>           |o<12>          |   13.476|
s<1>           |o<13>          |   12.283|
s<1>           |o<14>          |   12.681|
s<1>           |o<15>          |   12.784|
s<1>           |o<16>          |   13.285|
s<1>           |o<17>          |   13.486|
s<1>           |o<18>          |   13.386|
s<1>           |o<19>          |   13.125|
s<1>           |o<20>          |   13.879|
s<1>           |o<21>          |   14.256|
s<1>           |o<22>          |   14.356|
s<1>           |o<23>          |   14.540|
s<1>           |o<24>          |   13.485|
s<1>           |o<25>          |   13.656|
s<1>           |o<26>          |   13.553|
s<1>           |o<27>          |   13.329|
s<1>           |o<28>          |   13.763|
s<1>           |o<29>          |   13.782|
s<1>           |o<30>          |   13.856|
s<1>           |o<31>          |   13.641|
s<2>           |o<0>           |    7.762|
s<2>           |o<1>           |    7.559|
s<2>           |o<2>           |    7.737|
s<2>           |o<3>           |    7.296|
s<2>           |o<4>           |    7.573|
s<2>           |o<5>           |    7.466|
s<2>           |o<6>           |    7.307|
s<2>           |o<7>           |    7.381|
s<2>           |o<8>           |    6.983|
s<2>           |o<9>           |    7.034|
s<2>           |o<10>          |    6.712|
s<2>           |o<11>          |    6.560|
s<2>           |o<12>          |    7.214|
s<2>           |o<13>          |    7.013|
s<2>           |o<14>          |    6.947|
s<2>           |o<15>          |    6.890|
s<2>           |o<16>          |    7.949|
s<2>           |o<17>          |    8.010|
s<2>           |o<18>          |    7.990|
s<2>           |o<19>          |    7.775|
s<2>           |o<20>          |    8.184|
s<2>           |o<21>          |    8.335|
s<2>           |o<22>          |    8.439|
s<2>           |o<23>          |    8.431|
s<2>           |o<24>          |    6.959|
s<2>           |o<25>          |    6.820|
s<2>           |o<26>          |    6.979|
s<2>           |o<27>          |    6.875|
s<2>           |o<28>          |    7.256|
s<2>           |o<29>          |    7.321|
s<2>           |o<30>          |    7.307|
s<2>           |o<31>          |    7.212|
---------------+---------------+---------+


Analysis completed Wed Dec 14 20:16:34 2016 
--------------------------------------------------------------------------------

Trace Settings:
-------------------------
Trace Settings 

Peak Memory Usage: 768 MB



